Job started: Sat Jun 13 19:11:13 CEST 2026
Node: g161
CPUs allocated: 1
Chunk: 1
An error occurred with commit 585625c955b1dcdda55036bee6fbda5bc5d97bd2: Lock for file '/dev/shm/linux/.git/config' did already exist, delete '/dev/shm/linux/.git/config.lock' in case the lock is illegal
An error occurred with commit 48009e9972974c52a5f649f761862dd67bce3d13: Lock for file '/dev/shm/linux/.git/config' did already exist, delete '/dev/shm/linux/.git/config.lock' in case the lock is illegal
An error occurred with commit 79caa362eab6569297210eda375d6ea358a81161: Lock for file '/dev/shm/linux/.git/config' did already exist, delete '/dev/shm/linux/.git/config.lock' in case the lock is illegal
An error occurred with commit e130e8d5434b8732926c3eb71f678dda0d77da61: Lock for file '/dev/shm/linux/.git/config' did already exist, delete '/dev/shm/linux/.git/config.lock' in case the lock is illegal
An error occurred with commit f7f50b2a7b054692fb1e02ff29d68e8d067aa642: Lock for file '/dev/shm/linux/.git/config' did already exist, delete '/dev/shm/linux/.git/config.lock' in case the lock is illegal
An error occurred with commit f6f7418357457ed58cbb020fc97e74d4e0e7b47f: Lock for file '/dev/shm/linux/.git/config' did already exist, delete '/dev/shm/linux/.git/config.lock' in case the lock is illegal
An error occurred with commit 35f1c89b0cce247bf0213df243ed902989b1dcda: Lock for file '/dev/shm/linux/.git/config' did already exist, delete '/dev/shm/linux/.git/config.lock' in case the lock is illegal
An error occurred with commit 802a3a92ad7ac0b9be9df229dee530a1f0a8039b: Lock for file '/dev/shm/linux/.git/config' did already exist, delete '/dev/shm/linux/.git/config.lock' in case the lock is illegal
An error occurred with commit 2771739a7162782c0aa6424b2e3dd874e884a15d: Lock for file '/dev/shm/linux/.git/config' did already exist, delete '/dev/shm/linux/.git/config.lock' in case the lock is illegal
An error occurred with commit 278da06c03655c2bb9bc36ebdf45b90a079b3bfd: Lock for file '/dev/shm/linux/.git/config' did already exist, delete '/dev/shm/linux/.git/config.lock' in case the lock is illegal
An error occurred with commit 7401b49c50c2b032223de408e28e37cbd63f4c97: Lock for file '/dev/shm/linux/.git/config' did already exist, delete '/dev/shm/linux/.git/config.lock' in case the lock is illegal
An error occurred with commit a25684a956468ee8bbbee44649e41e5d447e5adc: Lock for file '/dev/shm/linux/.git/config' did already exist, delete '/dev/shm/linux/.git/config.lock' in case the lock is illegal
An error occurred with commit 3c04d84508b54fcf524093b0d4a718680ed67f0f: Lock for file '/dev/shm/linux/.git/config' did already exist, delete '/dev/shm/linux/.git/config.lock' in case the lock is illegal
An error occurred with commit 30de48b436a08a8df651011e2d3614e26a2c592a: Lock for file '/dev/shm/linux/.git/config' did already exist, delete '/dev/shm/linux/.git/config.lock' in case the lock is illegal
An error occurred with commit c6d777acdf8f62d4ebaef0e5c6cd8fedbd6e8546: Lock for file '/dev/shm/linux/.git/config' did already exist, delete '/dev/shm/linux/.git/config.lock' in case the lock is illegal
An error occurred with commit d424b6c024157fe04e6530757b8b4a0e48bbe389: Lock for file '/dev/shm/linux/.git/config' did already exist, delete '/dev/shm/linux/.git/config.lock' in case the lock is illegal
An error occurred with commit 94c821fb286b545d37549ff30a0c341e066f0d6c: Lock for file '/dev/shm/linux/.git/config' did already exist, delete '/dev/shm/linux/.git/config.lock' in case the lock is illegal
An error occurred with commit e8f24c58d1b69ecf410a673c22f546dc732bb879: Lock for file '/dev/shm/linux/.git/config' did already exist, delete '/dev/shm/linux/.git/config.lock' in case the lock is illegal
An error occurred with commit cabdc3a8475b918e55744f43719b26a82dc8fa6b: Lock for file '/dev/shm/linux/.git/config' did already exist, delete '/dev/shm/linux/.git/config.lock' in case the lock is illegal
An error occurred with commit 75feae73a28020e492fbad2323245455ef69d687: Lock for file '/dev/shm/linux/.git/config' did already exist, delete '/dev/shm/linux/.git/config.lock' in case the lock is illegal
An error occurred with commit dcad856fe55a6e921e36fb4c57fb6df4bc5a3ce7: Lock for file '/dev/shm/linux/.git/config' did already exist, delete '/dev/shm/linux/.git/config.lock' in case the lock is illegal
An error occurred with commit 4e0e90539bb0e6c0ca3768c642df9eed2118a8bb: Lock for file '/dev/shm/linux/.git/config' did already exist, delete '/dev/shm/linux/.git/config.lock' in case the lock is illegal
An error occurred with commit 59511cfd08f32d0e9d363ffa0fdaaa75afdc52b1: Lock for file '/dev/shm/linux/.git/config' did already exist, delete '/dev/shm/linux/.git/config.lock' in case the lock is illegal

Skipping commit 2e6e9058d13a22a6fdd36a8c444ac71d9656003a because it took longer than 120 seconds.

Processing Complete. Sample stats:
              count       mean        std  min  25%  50%  75%     max
commit_role                                                          
BFC          6853.0   1.903692   4.243233  0.0  0.0  1.0  2.0   101.0
BIC          5590.0  10.101968  45.817721  0.0  0.0  1.0  7.0  2122.0
Job finished: Sat Jun 13 21:27:13 CEST 2026
