Job started: Fri Jun 12 19:56:32 CEST 2026
Node: g217
CPUs allocated: 32
Chunk: 0
Processing chunk 1/10 (12,467 commits)
Using 32 pre-existing worker repos
Spawning 32 workers across 12467 commits (~390 each)
Worker linux_worker_0: 0/390 (0.0%)
Worker linux_worker_1: 0/390 (0.0%)
Worker linux_worker_2: 0/390 (0.0%)
Worker linux_worker_3: 0/390 (0.0%)
Worker linux_worker_4: 0/390 (0.0%)
Worker linux_worker_5: 0/390 (0.0%)
Worker linux_worker_6: 0/390 (0.0%)
Worker linux_worker_7: 0/390 (0.0%)
Worker linux_worker_8: 0/390 (0.0%)
Worker linux_worker_9: 0/390 (0.0%)
Worker linux_worker_10: 0/390 (0.0%)
Worker linux_worker_11: 0/390 (0.0%)
Worker linux_worker_12: 0/390 (0.0%)
Worker linux_worker_14: 0/390 (0.0%)
Worker linux_worker_13: 0/390 (0.0%)
Worker linux_worker_15: 0/390 (0.0%)
Worker linux_worker_16: 0/390 (0.0%)
Worker linux_worker_17: 0/390 (0.0%)
Worker linux_worker_18: 0/390 (0.0%)
Worker linux_worker_19: 0/389 (0.0%)
Worker linux_worker_20: 0/389 (0.0%)
Worker linux_worker_21: 0/389 (0.0%)
Worker linux_worker_22: 0/389 (0.0%)
Worker linux_worker_23: 0/389 (0.0%)
Worker linux_worker_24: 0/389 (0.0%)
Worker linux_worker_25: 0/389 (0.0%)
Worker linux_worker_26: 0/389 (0.0%)
Worker linux_worker_28: 0/389 (0.0%)
Worker linux_worker_27: 0/389 (0.0%)
Worker linux_worker_29: 0/389 (0.0%)
Worker linux_worker_30: 0/389 (0.0%)
Worker linux_worker_31: 0/389 (0.0%)
Worker linux_worker_4: 5/390 (1.3%)
Worker linux_worker_4: 10/390 (2.6%)
Worker linux_worker_19: 5/389 (1.3%)
Worker linux_worker_14: 5/390 (1.3%)
Worker linux_worker_24: 5/389 (1.3%)
Worker linux_worker_8: 5/390 (1.3%)
Worker linux_worker_23: 5/389 (1.3%)
Worker linux_worker_25: 5/389 (1.3%)
Worker linux_worker_18: 5/390 (1.3%)
Worker linux_worker_20: 5/389 (1.3%)
Worker linux_worker_30: 5/389 (1.3%)
Worker linux_worker_10: 5/390 (1.3%)
Worker linux_worker_1: 5/390 (1.3%)
Worker linux_worker_27: 5/389 (1.3%)
Worker linux_worker_2: 5/390 (1.3%)
Worker linux_worker_15: 5/390 (1.3%)
Worker linux_worker_13: 5/390 (1.3%)
Worker linux_worker_21: 5/389 (1.3%)
Worker linux_worker_26: 5/389 (1.3%)
Worker linux_worker_4: 15/390 (3.8%)
Worker linux_worker_11: 5/390 (1.3%)
Worker linux_worker_29: 5/389 (1.3%)
Worker linux_worker_28: 5/389 (1.3%)
Worker linux_worker_17: 5/390 (1.3%)
Worker linux_worker_12: 5/390 (1.3%)
Worker linux_worker_9: 5/390 (1.3%)
Worker linux_worker_0: 5/390 (1.3%)
Worker linux_worker_16: 5/390 (1.3%)
Worker linux_worker_22: 5/389 (1.3%)
Worker linux_worker_31: 5/389 (1.3%)
Worker linux_worker_5: 5/390 (1.3%)
Worker linux_worker_3: 5/390 (1.3%)
Worker linux_worker_6: 5/390 (1.3%)
Worker linux_worker_7: 5/390 (1.3%)
Worker linux_worker_14: 10/390 (2.6%)
Worker linux_worker_19: 10/389 (2.6%)
Worker linux_worker_24: 10/389 (2.6%)
Worker linux_worker_8: 10/390 (2.6%)
Worker linux_worker_23: 10/389 (2.6%)
Worker linux_worker_30: 10/389 (2.6%)
Worker linux_worker_25: 10/389 (2.6%)
Worker linux_worker_27: 10/389 (2.6%)
Worker linux_worker_20: 10/389 (2.6%)
Worker linux_worker_18: 10/390 (2.6%)
Worker linux_worker_10: 10/390 (2.6%)
Worker linux_worker_1: 10/390 (2.6%)
Worker linux_worker_13: 10/390 (2.6%)
Worker linux_worker_15: 10/390 (2.6%)
Worker linux_worker_26: 10/389 (2.6%)
Worker linux_worker_2: 10/390 (2.6%)
Worker linux_worker_21: 10/389 (2.6%)
Worker linux_worker_4: 20/390 (5.1%)
Worker linux_worker_29: 10/389 (2.6%)
Worker linux_worker_12: 10/390 (2.6%)
Worker linux_worker_17: 10/390 (2.6%)
Worker linux_worker_0: 10/390 (2.6%)
Worker linux_worker_9: 10/390 (2.6%)
Worker linux_worker_16: 10/390 (2.6%)
Worker linux_worker_11: 10/390 (2.6%)
Worker linux_worker_28: 10/389 (2.6%)
Worker linux_worker_22: 10/389 (2.6%)
Worker linux_worker_6: 10/390 (2.6%)
Worker linux_worker_31: 10/389 (2.6%)
Worker linux_worker_3: 10/390 (2.6%)
Worker linux_worker_7: 10/390 (2.6%)
Worker linux_worker_5: 10/390 (2.6%)
Worker linux_worker_19: 15/389 (3.9%)
Worker linux_worker_14: 15/390 (3.8%)
Worker linux_worker_24: 15/389 (3.9%)
Worker linux_worker_23: 15/389 (3.9%)
Worker linux_worker_25: 15/389 (3.9%)
Worker linux_worker_8: 15/390 (3.8%)
Worker linux_worker_30: 15/389 (3.9%)
Worker linux_worker_10: 15/390 (3.8%)
Worker linux_worker_27: 15/389 (3.9%)
Worker linux_worker_1: 15/390 (3.8%)
Worker linux_worker_13: 15/390 (3.8%)
Worker linux_worker_15: 15/390 (3.8%)
Worker linux_worker_2: 15/390 (3.8%)
Worker linux_worker_20: 15/389 (3.9%)
Worker linux_worker_26: 15/389 (3.9%)
Worker linux_worker_21: 15/389 (3.9%)
Worker linux_worker_18: 15/390 (3.8%)
Worker linux_worker_4: 25/390 (6.4%)
Worker linux_worker_29: 15/389 (3.9%)
Worker linux_worker_17: 15/390 (3.8%)
Worker linux_worker_9: 15/390 (3.8%)
Worker linux_worker_12: 15/390 (3.8%)
Worker linux_worker_11: 15/390 (3.8%)
Worker linux_worker_16: 15/390 (3.8%)
Worker linux_worker_0: 15/390 (3.8%)
Worker linux_worker_28: 15/389 (3.9%)
Worker linux_worker_22: 15/389 (3.9%)
Worker linux_worker_6: 15/390 (3.8%)
Worker linux_worker_7: 15/390 (3.8%)
Worker linux_worker_3: 15/390 (3.8%)
Worker linux_worker_31: 15/389 (3.9%)
Worker linux_worker_5: 15/390 (3.8%)
Worker linux_worker_14: 20/390 (5.1%)
Worker linux_worker_23: 20/389 (5.1%)
Worker linux_worker_25: 20/389 (5.1%)
Worker linux_worker_19: 20/389 (5.1%)
Worker linux_worker_24: 20/389 (5.1%)
Worker linux_worker_30: 20/389 (5.1%)
Worker linux_worker_10: 20/390 (5.1%)
Worker linux_worker_8: 20/390 (5.1%)
Worker linux_worker_27: 20/389 (5.1%)
Worker linux_worker_26: 20/389 (5.1%)
Worker linux_worker_13: 20/390 (5.1%)
Worker linux_worker_2: 20/390 (5.1%)
Worker linux_worker_20: 20/389 (5.1%)
Worker linux_worker_15: 20/390 (5.1%)
Worker linux_worker_1: 20/390 (5.1%)
Worker linux_worker_21: 20/389 (5.1%)
Worker linux_worker_18: 20/390 (5.1%)
Worker linux_worker_29: 20/389 (5.1%)
Worker linux_worker_4: 30/390 (7.7%)
Worker linux_worker_12: 20/390 (5.1%)
Worker linux_worker_16: 20/390 (5.1%)
Worker linux_worker_28: 20/389 (5.1%)
Worker linux_worker_9: 20/390 (5.1%)
Worker linux_worker_0: 20/390 (5.1%)
Worker linux_worker_17: 20/390 (5.1%)
Worker linux_worker_22: 20/389 (5.1%)
Worker linux_worker_3: 20/390 (5.1%)
Worker linux_worker_6: 20/390 (5.1%)
Worker linux_worker_7: 20/390 (5.1%)
Worker linux_worker_5: 20/390 (5.1%)
Worker linux_worker_11: 20/390 (5.1%)
Worker linux_worker_31: 20/389 (5.1%)
Worker linux_worker_14: 25/390 (6.4%)
Worker linux_worker_25: 25/389 (6.4%)
Worker linux_worker_23: 25/389 (6.4%)
Worker linux_worker_19: 25/389 (6.4%)
Worker linux_worker_8: 25/390 (6.4%)
Worker linux_worker_30: 25/389 (6.4%)
Worker linux_worker_10: 25/390 (6.4%)
Worker linux_worker_24: 25/389 (6.4%)
Worker linux_worker_27: 25/389 (6.4%)
Worker linux_worker_1: 25/390 (6.4%)
Worker linux_worker_26: 25/389 (6.4%)
Worker linux_worker_20: 25/389 (6.4%)
Worker linux_worker_29: 25/389 (6.4%)
Worker linux_worker_13: 25/390 (6.4%)
Worker linux_worker_2: 25/390 (6.4%)
Worker linux_worker_21: 25/389 (6.4%)
Worker linux_worker_15: 25/390 (6.4%)
Worker linux_worker_4: 35/390 (9.0%)
Worker linux_worker_18: 25/390 (6.4%)
Worker linux_worker_28: 25/389 (6.4%)
Worker linux_worker_0: 25/390 (6.4%)
Worker linux_worker_12: 25/390 (6.4%)
Worker linux_worker_9: 25/390 (6.4%)
Worker linux_worker_16: 25/390 (6.4%)
Worker linux_worker_17: 25/390 (6.4%)
Worker linux_worker_3: 25/390 (6.4%)
Worker linux_worker_6: 25/390 (6.4%)
Worker linux_worker_7: 25/390 (6.4%)
Worker linux_worker_22: 25/389 (6.4%)
Worker linux_worker_5: 25/390 (6.4%)
Worker linux_worker_31: 25/389 (6.4%)
Worker linux_worker_11: 25/390 (6.4%)
Worker linux_worker_14: 30/390 (7.7%)
Worker linux_worker_23: 30/389 (7.7%)
Worker linux_worker_19: 30/389 (7.7%)
Worker linux_worker_8: 30/390 (7.7%)
Worker linux_worker_25: 30/389 (7.7%)
Worker linux_worker_30: 30/389 (7.7%)
Worker linux_worker_24: 30/389 (7.7%)
Worker linux_worker_10: 30/390 (7.7%)
Worker linux_worker_1: 30/390 (7.7%)
Worker linux_worker_27: 30/389 (7.7%)
Worker linux_worker_13: 30/390 (7.7%)
Worker linux_worker_15: 30/390 (7.7%)
Worker linux_worker_21: 30/389 (7.7%)
Worker linux_worker_28: 30/389 (7.7%)
Worker linux_worker_2: 30/390 (7.7%)
Worker linux_worker_26: 30/389 (7.7%)
Worker linux_worker_20: 30/389 (7.7%)
Worker linux_worker_29: 30/389 (7.7%)
Worker linux_worker_18: 30/390 (7.7%)
Worker linux_worker_0: 30/390 (7.7%)
Worker linux_worker_9: 30/390 (7.7%)
Worker linux_worker_12: 30/390 (7.7%)
Worker linux_worker_17: 30/390 (7.7%)
Worker linux_worker_16: 30/390 (7.7%)
Worker linux_worker_3: 30/390 (7.7%)
Worker linux_worker_6: 30/390 (7.7%)
Worker linux_worker_22: 30/389 (7.7%)
Worker linux_worker_7: 30/390 (7.7%)
Worker linux_worker_11: 30/390 (7.7%)
Worker linux_worker_31: 30/389 (7.7%)
Worker linux_worker_5: 30/390 (7.7%)
Worker linux_worker_19: 35/389 (9.0%)
Worker linux_worker_14: 35/390 (9.0%)
Worker linux_worker_23: 35/389 (9.0%)
Worker linux_worker_4: 40/390 (10.3%)
Worker linux_worker_25: 35/389 (9.0%)
Worker linux_worker_8: 35/390 (9.0%)
Worker linux_worker_30: 35/389 (9.0%)
Worker linux_worker_15: 35/390 (9.0%)
Worker linux_worker_13: 35/390 (9.0%)
Worker linux_worker_1: 35/390 (9.0%)
Worker linux_worker_24: 35/389 (9.0%)
Worker linux_worker_10: 35/390 (9.0%)
Worker linux_worker_21: 35/389 (9.0%)
Worker linux_worker_27: 35/389 (9.0%)
Worker linux_worker_2: 35/390 (9.0%)
Worker linux_worker_28: 35/389 (9.0%)
Worker linux_worker_29: 35/389 (9.0%)
Worker linux_worker_26: 35/389 (9.0%)
Worker linux_worker_0: 35/390 (9.0%)
Worker linux_worker_20: 35/389 (9.0%)
Worker linux_worker_17: 35/390 (9.0%)
Worker linux_worker_16: 35/390 (9.0%)
Worker linux_worker_18: 35/390 (9.0%)
Worker linux_worker_9: 35/390 (9.0%)
Worker linux_worker_12: 35/390 (9.0%)
Worker linux_worker_3: 35/390 (9.0%)
Worker linux_worker_6: 35/390 (9.0%)
Worker linux_worker_22: 35/389 (9.0%)
Worker linux_worker_11: 35/390 (9.0%)
Worker linux_worker_7: 35/390 (9.0%)
Worker linux_worker_31: 35/389 (9.0%)
Worker linux_worker_19: 40/389 (10.3%)
Worker linux_worker_5: 35/390 (9.0%)
Worker linux_worker_14: 40/390 (10.3%)
Worker linux_worker_4: 45/390 (11.5%)
Worker linux_worker_8: 40/390 (10.3%)
Worker linux_worker_23: 40/389 (10.3%)
Worker linux_worker_25: 40/389 (10.3%)
Worker linux_worker_24: 40/389 (10.3%)
Worker linux_worker_30: 40/389 (10.3%)
Worker linux_worker_1: 40/390 (10.3%)
Worker linux_worker_10: 40/390 (10.3%)
Worker linux_worker_13: 40/390 (10.3%)
Worker linux_worker_29: 40/389 (10.3%)
Worker linux_worker_21: 40/389 (10.3%)
Worker linux_worker_28: 40/389 (10.3%)
Worker linux_worker_15: 40/390 (10.3%)
Worker linux_worker_2: 40/390 (10.3%)
Worker linux_worker_27: 40/389 (10.3%)
Worker linux_worker_16: 40/390 (10.3%)
Worker linux_worker_26: 40/389 (10.3%)
Worker linux_worker_0: 40/390 (10.3%)
Worker linux_worker_20: 40/389 (10.3%)
Worker linux_worker_17: 40/390 (10.3%)
Worker linux_worker_18: 40/390 (10.3%)
Worker linux_worker_12: 40/390 (10.3%)
Worker linux_worker_3: 40/390 (10.3%)
Worker linux_worker_9: 40/390 (10.3%)
Worker linux_worker_22: 40/389 (10.3%)
Worker linux_worker_6: 40/390 (10.3%)
Worker linux_worker_7: 40/390 (10.3%)
Worker linux_worker_11: 40/390 (10.3%)
Worker linux_worker_31: 40/389 (10.3%)
Worker linux_worker_19: 45/389 (11.6%)
Worker linux_worker_14: 45/390 (11.5%)
Worker linux_worker_5: 40/390 (10.3%)
Worker linux_worker_23: 45/389 (11.6%)
Worker linux_worker_8: 45/390 (11.5%)
Worker linux_worker_25: 45/389 (11.6%)
Worker linux_worker_24: 45/389 (11.6%)
Worker linux_worker_13: 45/390 (11.5%)
Worker linux_worker_10: 45/390 (11.5%)
Worker linux_worker_30: 45/389 (11.6%)
Worker linux_worker_1: 45/390 (11.5%)
Worker linux_worker_29: 45/389 (11.6%)
Worker linux_worker_26: 45/389 (11.6%)
Worker linux_worker_21: 45/389 (11.6%)
Worker linux_worker_28: 45/389 (11.6%)
Worker linux_worker_2: 45/390 (11.5%)
Worker linux_worker_16: 45/390 (11.5%)
Worker linux_worker_27: 45/389 (11.6%)
Worker linux_worker_15: 45/390 (11.5%)
Worker linux_worker_20: 45/389 (11.6%)
Worker linux_worker_4: 50/390 (12.8%)
Worker linux_worker_9: 45/390 (11.5%)
Worker linux_worker_17: 45/390 (11.5%)
Worker linux_worker_3: 45/390 (11.5%)
Worker linux_worker_12: 45/390 (11.5%)
Worker linux_worker_18: 45/390 (11.5%)
Worker linux_worker_22: 45/389 (11.6%)
Worker linux_worker_0: 45/390 (11.5%)
Worker linux_worker_6: 45/390 (11.5%)
Worker linux_worker_7: 45/390 (11.5%)
Worker linux_worker_11: 45/390 (11.5%)
Worker linux_worker_31: 45/389 (11.6%)
Worker linux_worker_19: 50/389 (12.9%)
Worker linux_worker_14: 50/390 (12.8%)
Worker linux_worker_5: 45/390 (11.5%)
Worker linux_worker_4: 55/390 (14.1%)
Worker linux_worker_23: 50/389 (12.9%)
Worker linux_worker_25: 50/389 (12.9%)
Worker linux_worker_24: 50/389 (12.9%)
Worker linux_worker_8: 50/390 (12.8%)
Worker linux_worker_13: 50/390 (12.8%)
Worker linux_worker_1: 50/390 (12.8%)
Worker linux_worker_10: 50/390 (12.8%)
Worker linux_worker_30: 50/389 (12.9%)
Worker linux_worker_29: 50/389 (12.9%)
Worker linux_worker_20: 50/389 (12.9%)
Worker linux_worker_21: 50/389 (12.9%)
Worker linux_worker_16: 50/390 (12.8%)
Worker linux_worker_27: 50/389 (12.9%)
Worker linux_worker_28: 50/389 (12.9%)
Worker linux_worker_2: 50/390 (12.8%)
Worker linux_worker_26: 50/389 (12.9%)
Worker linux_worker_9: 50/390 (12.8%)
Worker linux_worker_15: 50/390 (12.8%)
Worker linux_worker_17: 50/390 (12.8%)
Worker linux_worker_4: 60/390 (15.4%)
Worker linux_worker_3: 50/390 (12.8%)
Worker linux_worker_12: 50/390 (12.8%)
Worker linux_worker_0: 50/390 (12.8%)
Worker linux_worker_18: 50/390 (12.8%)
Worker linux_worker_22: 50/389 (12.9%)
Worker linux_worker_6: 50/390 (12.8%)
Worker linux_worker_11: 50/390 (12.8%)
Worker linux_worker_7: 50/390 (12.8%)
Worker linux_worker_31: 50/389 (12.9%)
Worker linux_worker_5: 50/390 (12.8%)
Worker linux_worker_14: 55/390 (14.1%)
Worker linux_worker_4: 65/390 (16.7%)
Worker linux_worker_19: 55/389 (14.1%)
Worker linux_worker_25: 55/389 (14.1%)
Worker linux_worker_23: 55/389 (14.1%)
Worker linux_worker_8: 55/390 (14.1%)
Worker linux_worker_1: 55/390 (14.1%)
Worker linux_worker_24: 55/389 (14.1%)
Worker linux_worker_13: 55/390 (14.1%)
Worker linux_worker_30: 55/389 (14.1%)
Worker linux_worker_20: 55/389 (14.1%)
Worker linux_worker_10: 55/390 (14.1%)
Worker linux_worker_21: 55/389 (14.1%)
Worker linux_worker_2: 55/390 (14.1%)
Worker linux_worker_16: 55/390 (14.1%)
Worker linux_worker_17: 55/390 (14.1%)
Worker linux_worker_29: 55/389 (14.1%)
Worker linux_worker_9: 55/390 (14.1%)
Worker linux_worker_26: 55/389 (14.1%)
Worker linux_worker_27: 55/389 (14.1%)
Worker linux_worker_12: 55/390 (14.1%)
Worker linux_worker_15: 55/390 (14.1%)
Worker linux_worker_28: 55/389 (14.1%)
Worker linux_worker_4: 70/390 (17.9%)
Worker linux_worker_3: 55/390 (14.1%)
Worker linux_worker_0: 55/390 (14.1%)
Worker linux_worker_6: 55/390 (14.1%)
Worker linux_worker_22: 55/389 (14.1%)
Worker linux_worker_18: 55/390 (14.1%)
Worker linux_worker_11: 55/390 (14.1%)
Worker linux_worker_7: 55/390 (14.1%)
Worker linux_worker_31: 55/389 (14.1%)
Worker linux_worker_14: 60/390 (15.4%)
Worker linux_worker_5: 55/390 (14.1%)
Worker linux_worker_8: 60/390 (15.4%)
Worker linux_worker_19: 60/389 (15.4%)
Worker linux_worker_4: 75/390 (19.2%)
Worker linux_worker_1: 60/390 (15.4%)
Worker linux_worker_25: 60/389 (15.4%)
Worker linux_worker_24: 60/389 (15.4%)
Worker linux_worker_23: 60/389 (15.4%)
Worker linux_worker_13: 60/390 (15.4%)
Worker linux_worker_10: 60/390 (15.4%)
Worker linux_worker_17: 60/390 (15.4%)
Worker linux_worker_30: 60/389 (15.4%)
Worker linux_worker_16: 60/390 (15.4%)
Worker linux_worker_20: 60/389 (15.4%)
Worker linux_worker_2: 60/390 (15.4%)
Worker linux_worker_9: 60/390 (15.4%)
Worker linux_worker_21: 60/389 (15.4%)
Worker linux_worker_27: 60/389 (15.4%)
Worker linux_worker_28: 60/389 (15.4%)
Worker linux_worker_29: 60/389 (15.4%)
Worker linux_worker_12: 60/390 (15.4%)
Worker linux_worker_26: 60/389 (15.4%)
Worker linux_worker_15: 60/390 (15.4%)
Worker linux_worker_3: 60/390 (15.4%)
Worker linux_worker_18: 60/390 (15.4%)
Worker linux_worker_0: 60/390 (15.4%)
Worker linux_worker_4: 80/390 (20.5%)
Worker linux_worker_7: 60/390 (15.4%)
Worker linux_worker_22: 60/389 (15.4%)
Worker linux_worker_11: 60/390 (15.4%)
Worker linux_worker_6: 60/390 (15.4%)
Worker linux_worker_31: 60/389 (15.4%)
Worker linux_worker_14: 65/390 (16.7%)
Worker linux_worker_5: 60/390 (15.4%)
Worker linux_worker_8: 65/390 (16.7%)
Worker linux_worker_19: 65/389 (16.7%)
Worker linux_worker_24: 65/389 (16.7%)
Worker linux_worker_25: 65/389 (16.7%)
Worker linux_worker_1: 65/390 (16.7%)
Worker linux_worker_4: 85/390 (21.8%)
Worker linux_worker_13: 65/390 (16.7%)
Worker linux_worker_23: 65/389 (16.7%)
Worker linux_worker_17: 65/390 (16.7%)
Worker linux_worker_10: 65/390 (16.7%)
Worker linux_worker_30: 65/389 (16.7%)
Worker linux_worker_20: 65/389 (16.7%)
Worker linux_worker_2: 65/390 (16.7%)
Worker linux_worker_16: 65/390 (16.7%)
Worker linux_worker_9: 65/390 (16.7%)
Worker linux_worker_21: 65/389 (16.7%)
Worker linux_worker_28: 65/389 (16.7%)
Worker linux_worker_26: 65/389 (16.7%)
Worker linux_worker_3: 65/390 (16.7%)
Worker linux_worker_15: 65/390 (16.7%)
Worker linux_worker_27: 65/389 (16.7%)
Worker linux_worker_29: 65/389 (16.7%)
Worker linux_worker_12: 65/390 (16.7%)
Worker linux_worker_0: 65/390 (16.7%)
Worker linux_worker_11: 65/390 (16.7%)
Worker linux_worker_6: 65/390 (16.7%)
Worker linux_worker_7: 65/390 (16.7%)
Worker linux_worker_22: 65/389 (16.7%)
Worker linux_worker_4: 90/390 (23.1%)
Worker linux_worker_18: 65/390 (16.7%)
Worker linux_worker_31: 65/389 (16.7%)
Worker linux_worker_14: 70/390 (17.9%)
Worker linux_worker_5: 65/390 (16.7%)
Worker linux_worker_19: 70/389 (18.0%)
Worker linux_worker_8: 70/390 (17.9%)
Worker linux_worker_24: 70/389 (18.0%)
Worker linux_worker_25: 70/389 (18.0%)
Worker linux_worker_1: 70/390 (17.9%)
Worker linux_worker_23: 70/389 (18.0%)
Worker linux_worker_4: 95/390 (24.4%)
Worker linux_worker_13: 70/390 (17.9%)
Worker linux_worker_20: 70/389 (18.0%)
Worker linux_worker_10: 70/390 (17.9%)
Worker linux_worker_17: 70/390 (17.9%)
Worker linux_worker_16: 70/390 (17.9%)
Worker linux_worker_30: 70/389 (18.0%)
Worker linux_worker_9: 70/390 (17.9%)
Worker linux_worker_2: 70/390 (17.9%)
Worker linux_worker_15: 70/390 (17.9%)
Worker linux_worker_3: 70/390 (17.9%)
Worker linux_worker_28: 70/389 (18.0%)
Worker linux_worker_27: 70/389 (18.0%)
Worker linux_worker_21: 70/389 (18.0%)
Worker linux_worker_26: 70/389 (18.0%)
Worker linux_worker_29: 70/389 (18.0%)
Worker linux_worker_0: 70/390 (17.9%)
Worker linux_worker_12: 70/390 (17.9%)
Worker linux_worker_6: 70/390 (17.9%)
Worker linux_worker_7: 70/390 (17.9%)
Worker linux_worker_22: 70/389 (18.0%)
Worker linux_worker_31: 70/389 (18.0%)
Worker linux_worker_11: 70/390 (17.9%)
Worker linux_worker_18: 70/390 (17.9%)
Worker linux_worker_14: 75/390 (19.2%)
Worker linux_worker_19: 75/389 (19.3%)
Worker linux_worker_8: 75/390 (19.2%)
Worker linux_worker_24: 75/389 (19.3%)
Worker linux_worker_5: 70/390 (17.9%)
Worker linux_worker_1: 75/390 (19.2%)
Worker linux_worker_25: 75/389 (19.3%)
Worker linux_worker_23: 75/389 (19.3%)
Worker linux_worker_10: 75/390 (19.2%)
Worker linux_worker_16: 75/390 (19.2%)
Worker linux_worker_13: 75/390 (19.2%)
Worker linux_worker_20: 75/389 (19.3%)
Worker linux_worker_17: 75/390 (19.2%)
Worker linux_worker_30: 75/389 (19.3%)
Worker linux_worker_15: 75/390 (19.2%)
Worker linux_worker_9: 75/390 (19.2%)
Worker linux_worker_28: 75/389 (19.3%)
Worker linux_worker_2: 75/390 (19.2%)
Worker linux_worker_3: 75/390 (19.2%)
Worker linux_worker_27: 75/389 (19.3%)
Worker linux_worker_0: 75/390 (19.2%)
Worker linux_worker_21: 75/389 (19.3%)
Worker linux_worker_26: 75/389 (19.3%)
Worker linux_worker_29: 75/389 (19.3%)
Worker linux_worker_7: 75/390 (19.2%)
Worker linux_worker_22: 75/389 (19.3%)
Worker linux_worker_11: 75/390 (19.2%)
Worker linux_worker_18: 75/390 (19.2%)
Worker linux_worker_31: 75/389 (19.3%)
Worker linux_worker_12: 75/390 (19.2%)
Worker linux_worker_6: 75/390 (19.2%)
Worker linux_worker_14: 80/390 (20.5%)
Worker linux_worker_8: 80/390 (20.5%)
Worker linux_worker_19: 80/389 (20.6%)
Worker linux_worker_5: 75/390 (19.2%)
Worker linux_worker_24: 80/389 (20.6%)
Worker linux_worker_16: 80/390 (20.5%)
Worker linux_worker_10: 80/390 (20.5%)
Worker linux_worker_25: 80/389 (20.6%)
Worker linux_worker_23: 80/389 (20.6%)
Worker linux_worker_20: 80/389 (20.6%)
Worker linux_worker_13: 80/390 (20.5%)
Worker linux_worker_17: 80/390 (20.5%)
Worker linux_worker_30: 80/389 (20.6%)
Worker linux_worker_1: 80/390 (20.5%)
Worker linux_worker_9: 80/390 (20.5%)
Worker linux_worker_15: 80/390 (20.5%)
Worker linux_worker_3: 80/390 (20.5%)
Worker linux_worker_27: 80/389 (20.6%)
Worker linux_worker_0: 80/390 (20.5%)
Worker linux_worker_21: 80/389 (20.6%)
Worker linux_worker_2: 80/390 (20.5%)
Worker linux_worker_28: 80/389 (20.6%)
Worker linux_worker_11: 80/390 (20.5%)
Worker linux_worker_7: 80/390 (20.5%)
Worker linux_worker_22: 80/389 (20.6%)
Worker linux_worker_26: 80/389 (20.6%)
Worker linux_worker_29: 80/389 (20.6%)
Worker linux_worker_12: 80/390 (20.5%)
Worker linux_worker_31: 80/389 (20.6%)
Worker linux_worker_6: 80/390 (20.5%)
Worker linux_worker_14: 85/390 (21.8%)
Worker linux_worker_18: 80/390 (20.5%)
Worker linux_worker_19: 85/389 (21.9%)
Worker linux_worker_8: 85/390 (21.8%)
Worker linux_worker_16: 85/390 (21.8%)
Worker linux_worker_5: 80/390 (20.5%)
Worker linux_worker_10: 85/390 (21.8%)
Worker linux_worker_24: 85/389 (21.9%)
Worker linux_worker_25: 85/389 (21.9%)
Worker linux_worker_23: 85/389 (21.9%)
Worker linux_worker_20: 85/389 (21.9%)
Worker linux_worker_30: 85/389 (21.9%)
Worker linux_worker_13: 85/390 (21.8%)
Worker linux_worker_17: 85/390 (21.8%)
Worker linux_worker_1: 85/390 (21.8%)
Worker linux_worker_15: 85/390 (21.8%)
Worker linux_worker_9: 85/390 (21.8%)
Worker linux_worker_27: 85/389 (21.9%)
Worker linux_worker_28: 85/389 (21.9%)
Worker linux_worker_0: 85/390 (21.8%)
Worker linux_worker_2: 85/390 (21.8%)
Worker linux_worker_3: 85/390 (21.8%)
Worker linux_worker_22: 85/389 (21.9%)
Worker linux_worker_26: 85/389 (21.9%)
Worker linux_worker_21: 85/389 (21.9%)
Worker linux_worker_11: 85/390 (21.8%)
Worker linux_worker_7: 85/390 (21.8%)
Worker linux_worker_29: 85/389 (21.9%)
Worker linux_worker_12: 85/390 (21.8%)
Worker linux_worker_14: 90/390 (23.1%)
Worker linux_worker_18: 85/390 (21.8%)
Worker linux_worker_6: 85/390 (21.8%)
Worker linux_worker_31: 85/389 (21.9%)
Worker linux_worker_19: 90/389 (23.1%)
Worker linux_worker_16: 90/390 (23.1%)
Worker linux_worker_8: 90/390 (23.1%)
Worker linux_worker_5: 85/390 (21.8%)
Worker linux_worker_24: 90/389 (23.1%)
Worker linux_worker_10: 90/390 (23.1%)
Worker linux_worker_23: 90/389 (23.1%)
Worker linux_worker_25: 90/389 (23.1%)
Worker linux_worker_20: 90/389 (23.1%)
Worker linux_worker_1: 90/390 (23.1%)
Worker linux_worker_30: 90/389 (23.1%)
Worker linux_worker_17: 90/390 (23.1%)
Worker linux_worker_13: 90/390 (23.1%)
Worker linux_worker_15: 90/390 (23.1%)
Worker linux_worker_27: 90/389 (23.1%)
Worker linux_worker_28: 90/389 (23.1%)
Worker linux_worker_9: 90/390 (23.1%)
Worker linux_worker_0: 90/390 (23.1%)
Worker linux_worker_22: 90/389 (23.1%)
Worker linux_worker_3: 90/390 (23.1%)
Worker linux_worker_2: 90/390 (23.1%)
Worker linux_worker_11: 90/390 (23.1%)
Worker linux_worker_21: 90/389 (23.1%)
Worker linux_worker_12: 90/390 (23.1%)
Worker linux_worker_7: 90/390 (23.1%)
Worker linux_worker_18: 90/390 (23.1%)
Worker linux_worker_14: 95/390 (24.4%)
Worker linux_worker_26: 90/389 (23.1%)
Worker linux_worker_29: 90/389 (23.1%)
Worker linux_worker_31: 90/389 (23.1%)
Worker linux_worker_6: 90/390 (23.1%)
Worker linux_worker_16: 95/390 (24.4%)
Worker linux_worker_8: 95/390 (24.4%)
Worker linux_worker_24: 95/389 (24.4%)
Worker linux_worker_5: 90/390 (23.1%)
Worker linux_worker_19: 95/389 (24.4%)
Worker linux_worker_23: 95/389 (24.4%)
Worker linux_worker_10: 95/390 (24.4%)
Worker linux_worker_25: 95/389 (24.4%)
Worker linux_worker_20: 95/389 (24.4%)
Worker linux_worker_15: 95/390 (24.4%)
Worker linux_worker_17: 95/390 (24.4%)
Worker linux_worker_30: 95/389 (24.4%)
Worker linux_worker_13: 95/390 (24.4%)
Worker linux_worker_1: 95/390 (24.4%)
Worker linux_worker_0: 95/390 (24.4%)
Worker linux_worker_27: 95/389 (24.4%)
Worker linux_worker_22: 95/389 (24.4%)
Worker linux_worker_28: 95/389 (24.4%)
Worker linux_worker_9: 95/390 (24.4%)
Worker linux_worker_3: 95/390 (24.4%)
Worker linux_worker_2: 95/390 (24.4%)
Worker linux_worker_21: 95/389 (24.4%)
Worker linux_worker_7: 95/390 (24.4%)
Worker linux_worker_14: 100/390 (25.6%)
Worker linux_worker_18: 95/390 (24.4%)
Worker linux_worker_12: 95/390 (24.4%)
Worker linux_worker_26: 95/389 (24.4%)
Worker linux_worker_11: 95/390 (24.4%)
Worker linux_worker_29: 95/389 (24.4%)
Worker linux_worker_31: 95/389 (24.4%)
Worker linux_worker_6: 95/390 (24.4%)
Worker linux_worker_16: 100/390 (25.6%)
Worker linux_worker_19: 100/389 (25.7%)
Worker linux_worker_24: 100/389 (25.7%)
Worker linux_worker_23: 100/389 (25.7%)
Worker linux_worker_5: 95/390 (24.4%)
Worker linux_worker_8: 100/390 (25.6%)
Worker linux_worker_10: 100/390 (25.6%)
Worker linux_worker_15: 100/390 (25.6%)
Worker linux_worker_25: 100/389 (25.7%)
Worker linux_worker_17: 100/390 (25.6%)
Worker linux_worker_13: 100/390 (25.6%)
Worker linux_worker_20: 100/389 (25.7%)
Worker linux_worker_1: 100/390 (25.6%)
Worker linux_worker_0: 100/390 (25.6%)
Worker linux_worker_22: 100/389 (25.7%)
Worker linux_worker_30: 100/389 (25.7%)
Worker linux_worker_27: 100/389 (25.7%)
Worker linux_worker_9: 100/390 (25.6%)
Worker linux_worker_3: 100/390 (25.6%)
Worker linux_worker_28: 100/389 (25.7%)
Worker linux_worker_2: 100/390 (25.6%)
Worker linux_worker_21: 100/389 (25.7%)
Worker linux_worker_26: 100/389 (25.7%)
Worker linux_worker_14: 105/390 (26.9%)
Worker linux_worker_7: 100/390 (25.6%)
Worker linux_worker_18: 100/390 (25.6%)
Worker linux_worker_12: 100/390 (25.6%)
Worker linux_worker_29: 100/389 (25.7%)
Worker linux_worker_11: 100/390 (25.6%)
Worker linux_worker_6: 100/390 (25.6%)
Worker linux_worker_24: 105/389 (27.0%)
Worker linux_worker_31: 100/389 (25.7%)
Worker linux_worker_16: 105/390 (26.9%)
Worker linux_worker_19: 105/389 (27.0%)
Worker linux_worker_8: 105/390 (26.9%)
Worker linux_worker_5: 100/390 (25.6%)
