Job started: Thu Jun 11 11:24:11 CEST 2026
Node: g219
CPUs allocated: 32
Recompiling diffstat on compute node...
rm -f *.o core *~ *.out *.err *.BAK *.atac
rm -f diffstat
rm -f diffstat.html
rm -f diffstat.pdf
rm -f diffstat.ps
rm -f diffstat.txt
checking build system type... x86_64-pc-linux-gnu
checking host system type... x86_64-pc-linux-gnu
Configuring for linux-gnu
checking for gcc... gcc
checking for C compiler default output... a.out
checking whether the C compiler works... yes
checking whether we are cross compiling... no
checking for executable suffix... 
checking for object suffix... o
checking whether we are using the GNU C compiler... yes
checking whether gcc accepts -g... yes
checking version of gcc... 8.5.0
checking if this is really Intel C compiler... no
checking if this is really Clang C compiler... no
checking for gcc option to accept ANSI C... none needed
checking $CFLAGS variable... ok
checking $CC variable... ok
checking for a BSD compatible install... /usr/bin/install -c
checking for lint... no
checking for cppcheck... no
checking for splint... no
checking if filesystem supports mixed-case filenames... yes
checking for exctags... no
checking for ctags... no
checking for exetags... no
checking for etags... etags
checking for ctags... no
checking for etags... yes
checking if you want to see long compiling messages... yes
checking target system type... x86_64-pc-linux-gnu
(cached) Configuring for linux-gnu
checking for install-prefix... no
checking for PATH separator... :
checking for bzcat... /fibus/fs2/02/cgk3480/.conda/envs/churn-env/bin/bzcat
checking for bzip2... /fibus/fs2/02/cgk3480/.conda/envs/churn-env/bin/bzip2
checking for compress... no
checking for compress... no
checking for gzip... /usr/bin/gzip
checking for gzip... /usr/bin/gzip
checking for lzcat... /fibus/fs2/02/cgk3480/.conda/envs/churn-env/bin/lzcat
checking for pcat... no
checking for pcat... no
checking for uncompress.real... no
checking for uncompress.real... no
checking for uncompress... no
checking for xz... /fibus/fs2/02/cgk3480/.conda/envs/churn-env/bin/xz
checking for zcat... /usr/bin/zcat
checking for zstd... no
checking for zstd... no
checking if the POSIX test-macros are already defined... no
checking if this is the GNU C library... yes
checking if _DEFAULT_SOURCE can be used as a basis... yes
checking if _XOPEN_SOURCE=500 works with _DEFAULT_SOURCE... yes
checking if _XOPEN_SOURCE really is set... yes
checking for ggrep... no
checking for grep... grep
checking for fgrep... grep -F
checking if you want to use C11 _Noreturn feature... no
checking if you want to check for gcc warnings... no
checking for an ANSI C-conforming const... yes
checking for egrep... grep -E
checking how to run the C preprocessor... gcc -E
checking for ANSI C header files... yes
checking for sys/types.h... yes
checking for sys/stat.h... yes
checking for stdlib.h... yes
checking for string.h... yes
checking for memory.h... yes
checking for strings.h... yes
checking for inttypes.h... yes
checking for stdint.h... yes
checking for unistd.h... yes
checking whether exit is declared... yes
checking for ioctl.h... no
checking for search.h... yes
checking for sys/ioctl.h... yes
checking for size_t... yes
checking for setlocale()... yes
checking for mkdtemp... yes
checking for opendir... yes
checking for strdup... yes
checking for tsearch... yes
checking for lstat... yes 
checking for getopt.h... yes
checking for header declaring getopt variables... unistd.h
checking for getopt... yes
checking for popen... yes
checking for conflicting prototype for popen... yes
checking for mbsrtowcs and wcwidth... yes
checking for getc_unlocked... yes
checking if we should define _REENTRANT... no
checking for nonconflicting termios.h... yes
checking for groff... /usr/bin/groff
checking for nroff... /usr/bin/nroff
checking for tbl... /usr/bin/tbl
checking for man2html... /usr/bin/man2html
checking for the modified Earl Hood script... no
checking for program to convert manpage to html... /usr/bin/groff
checking if you want to use dmalloc for testing... no
checking if you want to use dbmalloc for testing... no
checking if you want to use valgrind for testing... no
checking if you want to perform memory-leak testing... no
configure: creating ./config.status
config.status: creating makefile
config.status: creating config.h
config.status: config.h is unchanged
gcc -c -I. -I. -DHAVE_CONFIG_H -D_DEFAULT_SOURCE -D_XOPEN_SOURCE=500 -g -O2  diffstat.c
gcc  -o diffstat diffstat.o  
mkdir -p /fibus/fs2/02/cgk3480/.conda/envs/churn-env/bin /fibus/fs2/02/cgk3480/.conda/envs/churn-env/share/man/man1
/usr/bin/install -c diffstat /fibus/fs2/02/cgk3480/.conda/envs/churn-env/bin/diffstat
/usr/bin/install -c -m 644 ./diffstat.1 /fibus/fs2/02/cgk3480/.conda/envs/churn-env/share/man/man1/diffstat.1
diffstat: /fibus/fs2/02/cgk3480/.conda/envs/churn-env/bin/diffstat
diffstat version: diffstat version 1.68
Using 32 pre-existing worker repos
Spawning 32 workers across 1000 commits (~32 each)...
Worker linux_worker_0: 0/32 (0.0%)
Worker linux_worker_1: 0/32 (0.0%)
Worker linux_worker_2: 0/32 (0.0%)
Worker linux_worker_3: 0/32 (0.0%)
Worker linux_worker_4: 0/32 (0.0%)
Worker linux_worker_5: 0/32 (0.0%)
Worker linux_worker_6: 0/32 (0.0%)
Worker linux_worker_7: 0/32 (0.0%)
Worker linux_worker_8: 0/31 (0.0%)
Worker linux_worker_9: 0/31 (0.0%)
Worker linux_worker_10: 0/31 (0.0%)
Worker linux_worker_11: 0/31 (0.0%)
Worker linux_worker_12: 0/31 (0.0%)
Worker linux_worker_13: 0/31 (0.0%)
Worker linux_worker_14: 0/31 (0.0%)
Worker linux_worker_15: 0/31 (0.0%)
Worker linux_worker_16: 0/31 (0.0%)
Worker linux_worker_17: 0/31 (0.0%)
Worker linux_worker_18: 0/31 (0.0%)
Worker linux_worker_19: 0/31 (0.0%)
Worker linux_worker_20: 0/31 (0.0%)
Worker linux_worker_21: 0/31 (0.0%)
Worker linux_worker_22: 0/31 (0.0%)
Worker linux_worker_23: 0/31 (0.0%)
Worker linux_worker_24: 0/31 (0.0%)
Worker linux_worker_25: 0/31 (0.0%)
Worker linux_worker_26: 0/31 (0.0%)
Worker linux_worker_27: 0/31 (0.0%)
Worker linux_worker_28: 0/31 (0.0%)
Worker linux_worker_29: 0/31 (0.0%)
Worker linux_worker_30: 0/31 (0.0%)
Worker linux_worker_31: 0/31 (0.0%)
Worker linux_worker_21: 5/31 (16.1%)
Worker linux_worker_9: 5/31 (16.1%)
Worker linux_worker_17: 5/31 (16.1%)
Worker linux_worker_1: 5/32 (15.6%)
Worker linux_worker_5: 5/32 (15.6%)
Worker linux_worker_28: 5/31 (16.1%)
Worker linux_worker_8: 5/31 (16.1%)
Worker linux_worker_24: 5/31 (16.1%)
Worker linux_worker_3: 5/32 (15.6%)
Worker linux_worker_27: 5/31 (16.1%)
Worker linux_worker_6: 5/32 (15.6%)
Worker linux_worker_18: 5/31 (16.1%)
Worker linux_worker_26: 5/31 (16.1%)
Worker linux_worker_19: 5/31 (16.1%)
Worker linux_worker_15: 5/31 (16.1%)
Worker linux_worker_29: 5/31 (16.1%)
Worker linux_worker_31: 5/31 (16.1%)
Worker linux_worker_13: 5/31 (16.1%)
Worker linux_worker_22: 5/31 (16.1%)
Worker linux_worker_30: 5/31 (16.1%)
Worker linux_worker_11: 5/31 (16.1%)
Worker linux_worker_14: 5/31 (16.1%)
Worker linux_worker_12: 5/31 (16.1%)
Worker linux_worker_7: 5/32 (15.6%)
Worker linux_worker_23: 5/31 (16.1%)
Worker linux_worker_16: 5/31 (16.1%)
Worker linux_worker_20: 5/31 (16.1%)
Worker linux_worker_10: 5/31 (16.1%)
Worker linux_worker_4: 5/32 (15.6%)
Worker linux_worker_2: 5/32 (15.6%)
Worker linux_worker_0: 5/32 (15.6%)
Worker linux_worker_25: 5/31 (16.1%)
Worker linux_worker_8: 10/31 (32.3%)
Worker linux_worker_5: 10/32 (31.2%)
Worker linux_worker_3: 10/32 (31.2%)
Worker linux_worker_1: 10/32 (31.2%)
Worker linux_worker_9: 10/31 (32.3%)
Worker linux_worker_7: 10/32 (31.2%)
Worker linux_worker_6: 10/32 (31.2%)
Worker linux_worker_13: 10/31 (32.3%)
Worker linux_worker_29: 10/31 (32.3%)
Worker linux_worker_15: 10/31 (32.3%)
Worker linux_worker_19: 10/31 (32.3%)
Worker linux_worker_18: 10/31 (32.3%)
Worker linux_worker_11: 10/31 (32.3%)
Worker linux_worker_23: 10/31 (32.3%)
Worker linux_worker_31: 10/31 (32.3%)
Worker linux_worker_21: 10/31 (32.3%)
Worker linux_worker_28: 10/31 (32.3%)
Worker linux_worker_14: 10/31 (32.3%)
Worker linux_worker_24: 10/31 (32.3%)
Worker linux_worker_26: 10/31 (32.3%)
Worker linux_worker_17: 10/31 (32.3%)
Worker linux_worker_12: 10/31 (32.3%)
Worker linux_worker_20: 10/31 (32.3%)
Worker linux_worker_22: 10/31 (32.3%)
Worker linux_worker_16: 10/31 (32.3%)
Worker linux_worker_30: 10/31 (32.3%)
Worker linux_worker_4: 10/32 (31.2%)
Worker linux_worker_10: 10/31 (32.3%)
Worker linux_worker_27: 10/31 (32.3%)
Worker linux_worker_25: 10/31 (32.3%)
Worker linux_worker_2: 10/32 (31.2%)
Worker linux_worker_0: 10/32 (31.2%)
Worker linux_worker_3: 15/32 (46.9%)
Worker linux_worker_5: 15/32 (46.9%)
Worker linux_worker_1: 15/32 (46.9%)
Worker linux_worker_9: 15/31 (48.4%)
Worker linux_worker_8: 15/31 (48.4%)
Worker linux_worker_7: 15/32 (46.9%)
Worker linux_worker_6: 15/32 (46.9%)
Worker linux_worker_29: 15/31 (48.4%)
Worker linux_worker_13: 15/31 (48.4%)
Worker linux_worker_19: 15/31 (48.4%)
Worker linux_worker_15: 15/31 (48.4%)
Worker linux_worker_18: 15/31 (48.4%)
Worker linux_worker_23: 15/31 (48.4%)
Worker linux_worker_11: 15/31 (48.4%)
Worker linux_worker_14: 15/31 (48.4%)
Worker linux_worker_12: 15/31 (48.4%)
Worker linux_worker_24: 15/31 (48.4%)
Worker linux_worker_0: 15/32 (46.9%)
Worker linux_worker_10: 15/31 (48.4%)
Worker linux_worker_21: 15/31 (48.4%)
Worker linux_worker_17: 15/31 (48.4%)
Worker linux_worker_2: 15/32 (46.9%)
Worker linux_worker_4: 15/32 (46.9%)
Worker linux_worker_26: 15/31 (48.4%)
Worker linux_worker_20: 15/31 (48.4%)
Worker linux_worker_27: 15/31 (48.4%)
Worker linux_worker_30: 15/31 (48.4%)
Worker linux_worker_22: 15/31 (48.4%)
Worker linux_worker_16: 15/31 (48.4%)
Worker linux_worker_28: 15/31 (48.4%)
Worker linux_worker_31: 15/31 (48.4%)
Worker linux_worker_25: 15/31 (48.4%)
Worker linux_worker_29: 20/31 (64.5%)
Worker linux_worker_8: 20/31 (64.5%)
Worker linux_worker_9: 20/31 (64.5%)
Worker linux_worker_5: 20/32 (62.5%)
Worker linux_worker_13: 20/31 (64.5%)
Worker linux_worker_1: 20/32 (62.5%)
Worker linux_worker_6: 20/32 (62.5%)
Worker linux_worker_7: 20/32 (62.5%)
Worker linux_worker_23: 20/31 (64.5%)
Worker linux_worker_3: 20/32 (62.5%)
Worker linux_worker_15: 20/31 (64.5%)
Worker linux_worker_19: 20/31 (64.5%)
Worker linux_worker_18: 20/31 (64.5%)
Worker linux_worker_11: 20/31 (64.5%)
Worker linux_worker_14: 20/31 (64.5%)
Worker linux_worker_27: 20/31 (64.5%)
Worker linux_worker_21: 20/31 (64.5%)
Worker linux_worker_24: 20/31 (64.5%)
Worker linux_worker_28: 20/31 (64.5%)
Worker linux_worker_22: 20/31 (64.5%)
Worker linux_worker_20: 20/31 (64.5%)
Worker linux_worker_26: 20/31 (64.5%)
Worker linux_worker_25: 20/31 (64.5%)
Worker linux_worker_17: 20/31 (64.5%)
Worker linux_worker_0: 20/32 (62.5%)
Worker linux_worker_2: 20/32 (62.5%)
Worker linux_worker_4: 20/32 (62.5%)
Worker linux_worker_10: 20/31 (64.5%)
Worker linux_worker_16: 20/31 (64.5%)
Worker linux_worker_30: 20/31 (64.5%)
Worker linux_worker_31: 20/31 (64.5%)
Worker linux_worker_12: 20/31 (64.5%)
Worker linux_worker_29: 25/31 (80.6%)
Worker linux_worker_3: 25/32 (78.1%)
Worker linux_worker_8: 25/31 (80.6%)
Worker linux_worker_6: 25/32 (78.1%)
Worker linux_worker_1: 25/32 (78.1%)
Worker linux_worker_13: 25/31 (80.6%)
Worker linux_worker_5: 25/32 (78.1%)
Worker linux_worker_23: 25/31 (80.6%)
Worker linux_worker_9: 25/31 (80.6%)
Worker linux_worker_7: 25/32 (78.1%)
Worker linux_worker_15: 25/31 (80.6%)
Worker linux_worker_18: 25/31 (80.6%)
Worker linux_worker_11: 25/31 (80.6%)
Worker linux_worker_19: 25/31 (80.6%)
Worker linux_worker_14: 25/31 (80.6%)
Worker linux_worker_26: 25/31 (80.6%)
Worker linux_worker_27: 25/31 (80.6%)
Worker linux_worker_24: 25/31 (80.6%)
Worker linux_worker_21: 25/31 (80.6%)
Worker linux_worker_28: 25/31 (80.6%)
Worker linux_worker_20: 25/31 (80.6%)
Worker linux_worker_22: 25/31 (80.6%)
Worker linux_worker_25: 25/31 (80.6%)
Worker linux_worker_31: 25/31 (80.6%)
Worker linux_worker_30: 25/31 (80.6%)
Worker linux_worker_10: 25/31 (80.6%)
Worker linux_worker_4: 25/32 (78.1%)
Worker linux_worker_0: 25/32 (78.1%)
Worker linux_worker_17: 25/31 (80.6%)
Worker linux_worker_12: 25/31 (80.6%)
Worker linux_worker_16: 25/31 (80.6%)
Worker linux_worker_2: 25/32 (78.1%)
Worker linux_worker_8: 30/31 (96.8%)
Worker linux_worker_29: 30/31 (96.8%)
Worker linux_worker_6: 30/32 (93.8%)
Worker linux_worker_3: 30/32 (93.8%)
Worker linux_worker_5: 30/32 (93.8%)
Worker linux_worker_1: 30/32 (93.8%)
Worker linux_worker_23: 30/31 (96.8%)
Worker linux_worker_13: 30/31 (96.8%)
Worker linux_worker_9: 30/31 (96.8%)
Worker linux_worker_7: 30/32 (93.8%)
Worker linux_worker_15: 30/31 (96.8%)
Worker linux_worker_18: 30/31 (96.8%)
Worker linux_worker_11: 30/31 (96.8%)
Worker linux_worker_24: 30/31 (96.8%)
Worker linux_worker_14: 30/31 (96.8%)
Worker linux_worker_19: 30/31 (96.8%)
Worker linux_worker_28: 30/31 (96.8%)
Worker linux_worker_25: 30/31 (96.8%)
Worker linux_worker_21: 30/31 (96.8%)
Worker linux_worker_26: 30/31 (96.8%)
Worker linux_worker_27: 30/31 (96.8%)
Worker linux_worker_20: 30/31 (96.8%)
Worker linux_worker_22: 30/31 (96.8%)
Worker linux_worker_30: 30/31 (96.8%)
Worker linux_worker_12: 30/31 (96.8%)
Worker linux_worker_4: 30/32 (93.8%)
Worker linux_worker_17: 30/31 (96.8%)
Worker linux_worker_16: 30/31 (96.8%)
Worker linux_worker_0: 30/32 (93.8%)
Worker linux_worker_2: 30/32 (93.8%)
Worker linux_worker_10: 30/31 (96.8%)
Worker linux_worker_31: 30/31 (96.8%)

Completed! Saved results for 906 Linux commits.
Job finished: Thu Jun 11 11:31:08 CEST 2026
