Job started: Wed Jun 10 18:40:18 CEST 2026
Node: g217
CPUs allocated: 32
Spawning 32 workers to process 10 commits across 2 repos...
Error in commit 04906bd5de2f220bf100b605dad37b4a1d9a91a6: diffstat error: diffstat: /lib64/libc.so.6: version `GLIBC_2.33' not found (required by diffstat)
diffstat: /lib64/libc.so.6: version `GLIBC_2.34' not found (required by diffstat)

Error in commit 60de4fbbdf3ede49f158e23a9e3b679f2e519c1e: diffstat error: diffstat: /lib64/libc.so.6: version `GLIBC_2.33' not found (required by diffstat)
diffstat: /lib64/libc.so.6: version `GLIBC_2.34' not found (required by diffstat)

Error in commit f66e5d686343c0e3a5880671008826445c75e301: diffstat error: diffstat: /lib64/libc.so.6: version `GLIBC_2.33' not found (required by diffstat)
diffstat: /lib64/libc.so.6: version `GLIBC_2.34' not found (required by diffstat)

Error in commit 4062c774a86a3edba2668db580ee4200958bcd42: diffstat error: diffstat: /lib64/libc.so.6: version `GLIBC_2.33' not found (required by diffstat)
diffstat: /lib64/libc.so.6: version `GLIBC_2.34' not found (required by diffstat)

Error in commit 999273735d62a7f98c5db73815d20d902e697a04: diffstat error: diffstat: /lib64/libc.so.6: version `GLIBC_2.33' not found (required by diffstat)
diffstat: /lib64/libc.so.6: version `GLIBC_2.34' not found (required by diffstat)

Error in commit 891f831266d5e0798468a33fff9aeb94d5eb6bf7: diffstat error: diffstat: /lib64/libc.so.6: version `GLIBC_2.33' not found (required by diffstat)
diffstat: /lib64/libc.so.6: version `GLIBC_2.34' not found (required by diffstat)

Error in commit f84ce9cfa35e213aa2ba215fd0d6b8df0373de2b: diffstat error: diffstat: /lib64/libc.so.6: version `GLIBC_2.33' not found (required by diffstat)
diffstat: /lib64/libc.so.6: version `GLIBC_2.34' not found (required by diffstat)

Error in commit 771b3d8749b34b6eea4e03a2e514380da9582f90: diffstat error: diffstat: /lib64/libc.so.6: version `GLIBC_2.33' not found (required by diffstat)
diffstat: /lib64/libc.so.6: version `GLIBC_2.34' not found (required by diffstat)

Error in commit 269caabe34866d25f468b3e1905d3223d93dd906: diffstat error: diffstat: /lib64/libc.so.6: version `GLIBC_2.33' not found (required by diffstat)
diffstat: /lib64/libc.so.6: version `GLIBC_2.34' not found (required by diffstat)

Error in commit f21383e387684b18bc4680a1f610fd1d7c765e90: diffstat error: diffstat: /lib64/libc.so.6: version `GLIBC_2.33' not found (required by diffstat)
diffstat: /lib64/libc.so.6: version `GLIBC_2.34' not found (required by diffstat)


Completed! Saved 0 commits to data/intermediate/churn_icvul.csv
Job finished: Wed Jun 10 18:40:20 CEST 2026
