Job started: Sat Jun 13 18:59:09 CEST 2026
Node: g217
CPUs allocated: 32
Chunk: 0
Processing chunk 1/10 (12,467 commits)
Using 32 pre-existing worker repos
Spawning 32 workers across 12467 commits (~390 each)
Worker linux_worker_0: 0/390 (0.0%)
Worker linux_worker_1: 0/390 (0.0%)
Worker linux_worker_3: 0/390 (0.0%)
Worker linux_worker_2: 0/390 (0.0%)
Worker linux_worker_4: 0/390 (0.0%)
Worker linux_worker_5: 0/390 (0.0%)
Worker linux_worker_6: 0/390 (0.0%)
Worker linux_worker_7: 0/390 (0.0%)
Worker linux_worker_8: 0/390 (0.0%)
Worker linux_worker_9: 0/390 (0.0%)
Worker linux_worker_10: 0/390 (0.0%)
Worker linux_worker_11: 0/390 (0.0%)
Worker linux_worker_12: 0/390 (0.0%)
Worker linux_worker_13: 0/390 (0.0%)
Worker linux_worker_14: 0/390 (0.0%)
Worker linux_worker_15: 0/390 (0.0%)
Worker linux_worker_16: 0/390 (0.0%)
Worker linux_worker_17: 0/390 (0.0%)
Worker linux_worker_18: 0/390 (0.0%)
Worker linux_worker_19: 0/389 (0.0%)
Worker linux_worker_20: 0/389 (0.0%)
Worker linux_worker_21: 0/389 (0.0%)
Worker linux_worker_22: 0/389 (0.0%)
Worker linux_worker_23: 0/389 (0.0%)
Worker linux_worker_24: 0/389 (0.0%)
Worker linux_worker_25: 0/389 (0.0%)
Worker linux_worker_26: 0/389 (0.0%)
Worker linux_worker_27: 0/389 (0.0%)
Worker linux_worker_28: 0/389 (0.0%)
Worker linux_worker_29: 0/389 (0.0%)
Worker linux_worker_30: 0/389 (0.0%)
Worker linux_worker_31: 0/389 (0.0%)
Worker linux_worker_4: 5/390 (1.3%)
Worker linux_worker_4: 10/390 (2.6%)
Worker linux_worker_4: 15/390 (3.8%)
Worker linux_worker_4: 20/390 (5.1%)
Worker linux_worker_4: 25/390 (6.4%)
Worker linux_worker_4: 30/390 (7.7%)
Worker linux_worker_4: 35/390 (9.0%)
Worker linux_worker_4: 40/390 (10.3%)
Worker linux_worker_4: 45/390 (11.5%)
Worker linux_worker_4: 50/390 (12.8%)
Worker linux_worker_4: 55/390 (14.1%)
Worker linux_worker_4: 60/390 (15.4%)
Worker linux_worker_4: 65/390 (16.7%)
Worker linux_worker_4: 70/390 (17.9%)
Worker linux_worker_4: 75/390 (19.2%)
Worker linux_worker_4: 80/390 (20.5%)
Worker linux_worker_4: 85/390 (21.8%)
Worker linux_worker_4: 90/390 (23.1%)
Worker linux_worker_4: 95/390 (24.4%)
Worker linux_worker_4: 100/390 (25.6%)
Worker linux_worker_4: 105/390 (26.9%)
Worker linux_worker_4: 110/390 (28.2%)
Worker linux_worker_4: 115/390 (29.5%)
Worker linux_worker_4: 120/390 (30.8%)
Worker linux_worker_4: 125/390 (32.1%)
Worker linux_worker_4: 130/390 (33.3%)
Worker linux_worker_4: 135/390 (34.6%)
Worker linux_worker_4: 140/390 (35.9%)
Worker linux_worker_4: 145/390 (37.2%)
Worker linux_worker_4: 150/390 (38.5%)
Worker linux_worker_4: 155/390 (39.7%)
Worker linux_worker_4: 160/390 (41.0%)
Worker linux_worker_4: 165/390 (42.3%)
Worker linux_worker_4: 170/390 (43.6%)
Worker linux_worker_4: 175/390 (44.9%)
Worker linux_worker_4: 180/390 (46.2%)
Worker linux_worker_4: 185/390 (47.4%)
Worker linux_worker_4: 190/390 (48.7%)
Worker linux_worker_4: 195/390 (50.0%)
Worker linux_worker_4: 200/390 (51.3%)
Worker linux_worker_4: 205/390 (52.6%)
Worker linux_worker_4: 210/390 (53.8%)
Worker linux_worker_4: 215/390 (55.1%)
Worker linux_worker_4: 220/390 (56.4%)
Worker linux_worker_4: 225/390 (57.7%)
Worker linux_worker_4: 230/390 (59.0%)
Worker linux_worker_4: 235/390 (60.3%)
Worker linux_worker_4: 240/390 (61.5%)
Worker linux_worker_4: 245/390 (62.8%)
Worker linux_worker_4: 250/390 (64.1%)
Worker linux_worker_4: 255/390 (65.4%)
Worker linux_worker_4: 260/390 (66.7%)
Worker linux_worker_4: 265/390 (67.9%)
Worker linux_worker_4: 270/390 (69.2%)
Worker linux_worker_4: 275/390 (70.5%)
Worker linux_worker_4: 280/390 (71.8%)
Worker linux_worker_4: 285/390 (73.1%)
Worker linux_worker_4: 290/390 (74.4%)
Worker linux_worker_4: 295/390 (75.6%)
Worker linux_worker_4: 300/390 (76.9%)
Worker linux_worker_4: 305/390 (78.2%)
Worker linux_worker_4: 310/390 (79.5%)
Worker linux_worker_4: 315/390 (80.8%)
Worker linux_worker_4: 320/390 (82.1%)
Worker linux_worker_4: 325/390 (83.3%)
Worker linux_worker_4: 330/390 (84.6%)
Worker linux_worker_4: 335/390 (85.9%)
Worker linux_worker_4: 340/390 (87.2%)
Worker linux_worker_4: 345/390 (88.5%)
Worker linux_worker_4: 350/390 (89.7%)
Worker linux_worker_4: 355/390 (91.0%)
