Job started: Wed Jun 10 18:48:30 CEST 2026
Node: g217
CPUs allocated: 32
Recompiling diffstat on compute node...
rm -f *.o core *~ *.out *.err *.BAK *.atac
rm -f diffstat
rm -f diffstat.html
rm -f diffstat.pdf
rm -f diffstat.ps
rm -f diffstat.txt
checking build system type... x86_64-pc-linux-gnu
checking host system type... x86_64-pc-linux-gnu
Configuring for linux-gnu
checking for gcc... gcc
checking for C compiler default output... a.out
checking whether the C compiler works... yes
checking whether we are cross compiling... no
checking for executable suffix... 
checking for object suffix... o
checking whether we are using the GNU C compiler... yes
checking whether gcc accepts -g... yes
checking version of gcc... 8.5.0
checking if this is really Intel C compiler... no
checking if this is really Clang C compiler... no
checking for gcc option to accept ANSI C... none needed
checking $CFLAGS variable... ok
checking $CC variable... ok
checking for a BSD compatible install... /usr/bin/install -c
checking for lint... no
checking for cppcheck... no
checking for splint... no
checking if filesystem supports mixed-case filenames... yes
checking for exctags... no
checking for ctags... no
checking for exetags... no
checking for etags... etags
checking for ctags... no
checking for etags... yes
checking if you want to see long compiling messages... yes
checking target system type... x86_64-pc-linux-gnu
(cached) Configuring for linux-gnu
checking for install-prefix... no
checking for PATH separator... :
checking for bzcat... /fibus/fs2/02/cgk3480/.conda/envs/churn-env/bin/bzcat
checking for bzip2... /fibus/fs2/02/cgk3480/.conda/envs/churn-env/bin/bzip2
checking for compress... no
checking for compress... no
checking for gzip... /usr/bin/gzip
checking for gzip... /usr/bin/gzip
checking for lzcat... /fibus/fs2/02/cgk3480/.conda/envs/churn-env/bin/lzcat
checking for pcat... no
checking for pcat... no
checking for uncompress.real... no
checking for uncompress.real... no
checking for uncompress... no
checking for xz... /fibus/fs2/02/cgk3480/.conda/envs/churn-env/bin/xz
checking for zcat... /usr/bin/zcat
checking for zstd... no
checking for zstd... no
checking if the POSIX test-macros are already defined... no
checking if this is the GNU C library... yes
checking if _DEFAULT_SOURCE can be used as a basis... yes
checking if _XOPEN_SOURCE=500 works with _DEFAULT_SOURCE... yes
checking if _XOPEN_SOURCE really is set... yes
checking for ggrep... no
checking for grep... grep
checking for fgrep... grep -F
checking if you want to use C11 _Noreturn feature... no
checking if you want to check for gcc warnings... no
checking for an ANSI C-conforming const... yes
checking for egrep... grep -E
checking how to run the C preprocessor... gcc -E
checking for ANSI C header files... yes
checking for sys/types.h... yes
checking for sys/stat.h... yes
checking for stdlib.h... yes
checking for string.h... yes
checking for memory.h... yes
checking for strings.h... yes
checking for inttypes.h... yes
checking for stdint.h... yes
checking for unistd.h... yes
checking whether exit is declared... yes
checking for ioctl.h... no
checking for search.h... yes
checking for sys/ioctl.h... yes
checking for size_t... yes
checking for setlocale()... yes
checking for mkdtemp... yes
checking for opendir... yes
checking for strdup... yes
checking for tsearch... yes
checking for lstat... yes 
checking for getopt.h... yes
checking for header declaring getopt variables... unistd.h
checking for getopt... yes
checking for popen... yes
checking for conflicting prototype for popen... yes
checking for mbsrtowcs and wcwidth... yes
checking for getc_unlocked... yes
checking if we should define _REENTRANT... no
checking for nonconflicting termios.h... yes
checking for groff... /usr/bin/groff
checking for nroff... /usr/bin/nroff
checking for tbl... /usr/bin/tbl
checking for man2html... /usr/bin/man2html
checking for the modified Earl Hood script... no
checking for program to convert manpage to html... /usr/bin/groff
checking if you want to use dmalloc for testing... no
checking if you want to use dbmalloc for testing... no
checking if you want to use valgrind for testing... no
checking if you want to perform memory-leak testing... no
configure: creating ./config.status
config.status: creating makefile
config.status: creating config.h
config.status: config.h is unchanged
gcc -c -I. -I. -DHAVE_CONFIG_H -D_DEFAULT_SOURCE -D_XOPEN_SOURCE=500 -g -O2  diffstat.c
gcc  -o diffstat diffstat.o  
mkdir -p /fibus/fs2/02/cgk3480/.conda/envs/churn-env/bin /fibus/fs2/02/cgk3480/.conda/envs/churn-env/share/man/man1
/usr/bin/install -c diffstat /fibus/fs2/02/cgk3480/.conda/envs/churn-env/bin/diffstat
/usr/bin/install -c -m 644 ./diffstat.1 /fibus/fs2/02/cgk3480/.conda/envs/churn-env/share/man/man1/diffstat.1
diffstat: /fibus/fs2/02/cgk3480/.conda/envs/churn-env/bin/diffstat
diffstat version: diffstat version 1.68
Spawning 32 workers to process 13925 commits across 732 repos...
Error in commit f748277ed1fc7065ae8998d61ed78b9ab1e55fae: SHA b'f748277ed1fc7065ae8998d61ed78b9ab1e55fae' could not be resolved, git returned: b'f748277ed1fc7065ae8998d61ed78b9ab1e55fae missing'
Error in commit 8a18137d7e80f0575e8defabf677d81e5cc3a788: SHA b'8a18137d7e80f0575e8defabf677d81e5cc3a788' could not be resolved, git returned: b'8a18137d7e80f0575e8defabf677d81e5cc3a788 missing'
Error in commit 5c0455bf2c8cd3c25401407f158e820aa3b239e1: SHA b'5c0455bf2c8cd3c25401407f158e820aa3b239e1' could not be resolved, git returned: b'5c0455bf2c8cd3c25401407f158e820aa3b239e1 missing'
Error in commit e5a842594b3a40639d4e0beb38285811c7dd06e6: SHA b'e5a842594b3a40639d4e0beb38285811c7dd06e6' could not be resolved, git returned: b'e5a842594b3a40639d4e0beb38285811c7dd06e6 missing'
Error in commit 983bda1f0fa5fa86884381208274198a620f006e: SHA b'983bda1f0fa5fa86884381208274198a620f006e' could not be resolved, git returned: b'983bda1f0fa5fa86884381208274198a620f006e missing'
Error in commit f61fe5f6a0419ef4a88d46a128052f2e8352e85d: SHA b'f61fe5f6a0419ef4a88d46a128052f2e8352e85d' could not be resolved, git returned: b'f61fe5f6a0419ef4a88d46a128052f2e8352e85d missing'
Error in commit 6bd603f6836e9b38b9b937d3b78f3fbf36e7ff75: SHA b'6bd603f6836e9b38b9b937d3b78f3fbf36e7ff75' could not be resolved, git returned: b'6bd603f6836e9b38b9b937d3b78f3fbf36e7ff75 missing'
Error in commit 89d0257841f2c119ef09d2bccd1458329ba91e5f: SHA b'89d0257841f2c119ef09d2bccd1458329ba91e5f' could not be resolved, git returned: b'89d0257841f2c119ef09d2bccd1458329ba91e5f missing'
Error in commit e89cf2f58f2f493d5ed81e9624f9ef5cf13245d4: SHA b'e89cf2f58f2f493d5ed81e9624f9ef5cf13245d4' could not be resolved, git returned: b'e89cf2f58f2f493d5ed81e9624f9ef5cf13245d4 missing'
Error in commit c59eb7e6d8fc6fa9833c1655084b5ce33655f8df: SHA b'c59eb7e6d8fc6fa9833c1655084b5ce33655f8df' could not be resolved, git returned: b'c59eb7e6d8fc6fa9833c1655084b5ce33655f8df missing'
Error in commit 20ac3662f137dbf7f42d5295590069a7d3b1166b: SHA b'20ac3662f137dbf7f42d5295590069a7d3b1166b' could not be resolved, git returned: b'20ac3662f137dbf7f42d5295590069a7d3b1166b missing'
Error in commit 7a1aac3343af85b4af4df5f8844946eaa27394ab: SHA b'7a1aac3343af85b4af4df5f8844946eaa27394ab' could not be resolved, git returned: b'7a1aac3343af85b4af4df5f8844946eaa27394ab missing'
Error in commit 11a83410153756ae350a82ed41b08d128ff7f998: SHA b'11a83410153756ae350a82ed41b08d128ff7f998' could not be resolved, git returned: b'11a83410153756ae350a82ed41b08d128ff7f998 missing'
Error in commit b17d5e860f30e8be2caeb0022b63be4c76660178: SHA b'b17d5e860f30e8be2caeb0022b63be4c76660178' could not be resolved, git returned: b'b17d5e860f30e8be2caeb0022b63be4c76660178 missing'
Error in commit de4f8c196106033e4c372dce3e91b9d42b0b9444: SHA b'de4f8c196106033e4c372dce3e91b9d42b0b9444' could not be resolved, git returned: b'de4f8c196106033e4c372dce3e91b9d42b0b9444 missing'
Error in commit 29c8abce0da56b536542f76a9ddfebdaab5b2943: SHA b'29c8abce0da56b536542f76a9ddfebdaab5b2943' could not be resolved, git returned: b'29c8abce0da56b536542f76a9ddfebdaab5b2943 missing'
Error in commit 13b2a135287caa2d67ac6cd5155626821e25b377: SHA b'13b2a135287caa2d67ac6cd5155626821e25b377' could not be resolved, git returned: b'13b2a135287caa2d67ac6cd5155626821e25b377 missing'
Error in commit 4f0d244c05a689940258f9cac2d2863b7a15a6e9: SHA b'4f0d244c05a689940258f9cac2d2863b7a15a6e9' could not be resolved, git returned: b'4f0d244c05a689940258f9cac2d2863b7a15a6e9 missing'
Error in commit b6ff2bcb1e4e6976d61e316175c6d7c99860fe20: SHA b'b6ff2bcb1e4e6976d61e316175c6d7c99860fe20' could not be resolved, git returned: b'b6ff2bcb1e4e6976d61e316175c6d7c99860fe20 missing'
Error in commit c5759e7b76f5bf844be6c6641cc1b356bbc83869: SHA b'c5759e7b76f5bf844be6c6641cc1b356bbc83869' could not be resolved, git returned: b'c5759e7b76f5bf844be6c6641cc1b356bbc83869 missing'
Error in commit 9137c55411aa39d41c1e705ddc34d5bd26c65021: SHA b'9137c55411aa39d41c1e705ddc34d5bd26c65021' could not be resolved, git returned: b'9137c55411aa39d41c1e705ddc34d5bd26c65021 missing'
Error in commit 450949ed017f009b399c937cf362f0058eacc5fa: SHA b'450949ed017f009b399c937cf362f0058eacc5fa' could not be resolved, git returned: b'450949ed017f009b399c937cf362f0058eacc5fa missing'
Error in commit c8da0d3aa4f41ef7db01ec4a34443775da104a42: SHA b'c8da0d3aa4f41ef7db01ec4a34443775da104a42' could not be resolved, git returned: b'c8da0d3aa4f41ef7db01ec4a34443775da104a42 missing'
Error in commit d7d7764cb07c8a1872804321302ef93bf62cba05: SHA b'd7d7764cb07c8a1872804321302ef93bf62cba05' could not be resolved, git returned: b'd7d7764cb07c8a1872804321302ef93bf62cba05 missing'
Error in commit 3caeb16c31a3ed62d744e2aaf01d684f7991051a: SHA b'3caeb16c31a3ed62d744e2aaf01d684f7991051a' could not be resolved, git returned: b'3caeb16c31a3ed62d744e2aaf01d684f7991051a missing'
Error in commit 10da3dab24e8ca08cf2c983f8d0206e383535b5a: SHA b'10da3dab24e8ca08cf2c983f8d0206e383535b5a' could not be resolved, git returned: b'10da3dab24e8ca08cf2c983f8d0206e383535b5a missing'
Error in commit 45acb4efbcaa57a20ac5127dc976538671fce018: No option 'path' in section: 'submodule "ctemplate"'
Error in commit 85241bd22936cc15760fd1f65d16c98be7aeaf6d: SHA b'85241bd22936cc15760fd1f65d16c98be7aeaf6d' could not be resolved, git returned: b'85241bd22936cc15760fd1f65d16c98be7aeaf6d missing'
Error in commit 8e972c5e94b460379fe0c7d20209c16df81538a5: SHA b'8e972c5e94b460379fe0c7d20209c16df81538a5' could not be resolved, git returned: b'8e972c5e94b460379fe0c7d20209c16df81538a5 missing'
Error in commit bac5831b355f916e0696b7bbcccfc51c057b729a: SHA b'bac5831b355f916e0696b7bbcccfc51c057b729a' could not be resolved, git returned: b'bac5831b355f916e0696b7bbcccfc51c057b729a missing'
Error in commit 376267d534476a875d8b9228149c4ee18b74a4fd: SHA b'376267d534476a875d8b9228149c4ee18b74a4fd' could not be resolved, git returned: b'376267d534476a875d8b9228149c4ee18b74a4fd missing'
Error in commit f39ad9bab1f327062958b2750bf1f5609a9ee991: SHA b'f39ad9bab1f327062958b2750bf1f5609a9ee991' could not be resolved, git returned: b'f39ad9bab1f327062958b2750bf1f5609a9ee991 missing'
Error in commit e2d10a1e32d01f71aaadd81169bcb9ae86c5d6b8: SHA b'e2d10a1e32d01f71aaadd81169bcb9ae86c5d6b8' could not be resolved, git returned: b'e2d10a1e32d01f71aaadd81169bcb9ae86c5d6b8 missing'
Error in commit bfc79d85c8f3a4798a3305fb98f5a11c11d0d29f: SHA b'bfc79d85c8f3a4798a3305fb98f5a11c11d0d29f' could not be resolved, git returned: b'bfc79d85c8f3a4798a3305fb98f5a11c11d0d29f missing'
Error in commit 089f7c0bc28d399b0420aa6ef058e4c1c120b2ae: SHA b'089f7c0bc28d399b0420aa6ef058e4c1c120b2ae' could not be resolved, git returned: b'089f7c0bc28d399b0420aa6ef058e4c1c120b2ae missing'
Error in commit 987dd68f71a7d8276cef3b6c3d578fd4845b5699: SHA b'987dd68f71a7d8276cef3b6c3d578fd4845b5699' could not be resolved, git returned: b'987dd68f71a7d8276cef3b6c3d578fd4845b5699 missing'
Error in commit dcec96fc0f451154650af975a5b8713796bf0e16: SHA b'dcec96fc0f451154650af975a5b8713796bf0e16' could not be resolved, git returned: b'dcec96fc0f451154650af975a5b8713796bf0e16 missing'
Error in commit 88c98c910acccab694b3afb6d36d70ca429118a6: SHA b'88c98c910acccab694b3afb6d36d70ca429118a6' could not be resolved, git returned: b'88c98c910acccab694b3afb6d36d70ca429118a6 missing'
Error in commit db3a785241fda63bf53f0ec12bb519aa5210de19: SHA b'db3a785241fda63bf53f0ec12bb519aa5210de19' could not be resolved, git returned: b'db3a785241fda63bf53f0ec12bb519aa5210de19 missing'
Error in commit 342f292c27973c9df5f631a38bd12f14a9c5cdc2: SHA b'342f292c27973c9df5f631a38bd12f14a9c5cdc2' could not be resolved, git returned: b'342f292c27973c9df5f631a38bd12f14a9c5cdc2 missing'
Error in commit 5f4087aabb5d03c42738b320af0fc60e9df4d1f7: SHA b'5f4087aabb5d03c42738b320af0fc60e9df4d1f7' could not be resolved, git returned: b'5f4087aabb5d03c42738b320af0fc60e9df4d1f7 missing'
Error in commit 7c63e53bb2af0aae9097fd2edfd6a9ba9d453e97: SHA b'7c63e53bb2af0aae9097fd2edfd6a9ba9d453e97' could not be resolved, git returned: b'7c63e53bb2af0aae9097fd2edfd6a9ba9d453e97 missing'
Error in commit fe8b7f31db687f8b9992864b82c93d22833019c7: SHA b'fe8b7f31db687f8b9992864b82c93d22833019c7' could not be resolved, git returned: b'fe8b7f31db687f8b9992864b82c93d22833019c7 missing'
Error in commit 8494e78010d8917a4165d877045be34ddc2dda22: SHA b'8494e78010d8917a4165d877045be34ddc2dda22' could not be resolved, git returned: b'8494e78010d8917a4165d877045be34ddc2dda22 missing'
Error in commit c962918bc70a61a8cc647898ee8b1ff1c14a87c5: SHA b'c962918bc70a61a8cc647898ee8b1ff1c14a87c5' could not be resolved, git returned: b'c962918bc70a61a8cc647898ee8b1ff1c14a87c5 missing'
Error in commit fe0669798d617406b52a638fb2525b1f7527a2d6: SHA b'fe0669798d617406b52a638fb2525b1f7527a2d6' could not be resolved, git returned: b'fe0669798d617406b52a638fb2525b1f7527a2d6 missing'
Error in commit dc070da861a015d3c97488fdcca6063b44d47a7b: SHA b'dc070da861a015d3c97488fdcca6063b44d47a7b' could not be resolved, git returned: b'dc070da861a015d3c97488fdcca6063b44d47a7b missing'
Error in commit 1d42157438866e90c767c84c9902f5ec61c93e33: SHA b'1d42157438866e90c767c84c9902f5ec61c93e33' could not be resolved, git returned: b'1d42157438866e90c767c84c9902f5ec61c93e33 missing'
Error in commit 9c550105accfcfdb819ba9244061c411bc3c3aa5: SHA b'9c550105accfcfdb819ba9244061c411bc3c3aa5' could not be resolved, git returned: b'9c550105accfcfdb819ba9244061c411bc3c3aa5 missing'
Error in commit 9fb34542d1ba6c737879a4c1c434371359a497d1: SHA b'9fb34542d1ba6c737879a4c1c434371359a497d1' could not be resolved, git returned: b'9fb34542d1ba6c737879a4c1c434371359a497d1 missing'
Error in commit 4397b3376dc4e4cb1c991d0aed61ce6482614196: SHA b'4397b3376dc4e4cb1c991d0aed61ce6482614196' could not be resolved, git returned: b'4397b3376dc4e4cb1c991d0aed61ce6482614196 missing'
Error in commit 54ecf8d017580b495d6501e53ca54e453a73a364: SHA b'54ecf8d017580b495d6501e53ca54e453a73a364' could not be resolved, git returned: b'54ecf8d017580b495d6501e53ca54e453a73a364 missing'
Error in commit 9d2ee975ef9fe627bf0a6f01c1f69e8ef1d4f05d: SHA b'9d2ee975ef9fe627bf0a6f01c1f69e8ef1d4f05d' could not be resolved, git returned: b'9d2ee975ef9fe627bf0a6f01c1f69e8ef1d4f05d missing'
Error in commit 895ab9d798f8917e07d82485646966e63fb3fd57: SHA b'895ab9d798f8917e07d82485646966e63fb3fd57' could not be resolved, git returned: b'895ab9d798f8917e07d82485646966e63fb3fd57 missing'
Error in commit b248763e4878ef12d5835ece6600be8334f67da1: SHA b'b248763e4878ef12d5835ece6600be8334f67da1' could not be resolved, git returned: b'b248763e4878ef12d5835ece6600be8334f67da1 missing'
Error in commit a2eca000e5a4337fb79ee8215d06413785653184: SHA b'a2eca000e5a4337fb79ee8215d06413785653184' could not be resolved, git returned: b'a2eca000e5a4337fb79ee8215d06413785653184 missing'
Error in commit 3f6e6d70a67bfeed30a4a962f4f9926f889ab52a: SHA b'3f6e6d70a67bfeed30a4a962f4f9926f889ab52a' could not be resolved, git returned: b'3f6e6d70a67bfeed30a4a962f4f9926f889ab52a missing'
Error in commit d72b447e8ec8703903198609984038d10892e805: SHA b'd72b447e8ec8703903198609984038d10892e805' could not be resolved, git returned: b'd72b447e8ec8703903198609984038d10892e805 missing'
Error in commit 0ab4a5ef6b1b3aab967e782fa9d5cb60d1cbcc5f: SHA b'0ab4a5ef6b1b3aab967e782fa9d5cb60d1cbcc5f' could not be resolved, git returned: b'0ab4a5ef6b1b3aab967e782fa9d5cb60d1cbcc5f missing'
Error in commit b173ac05993f634a42be3d3535e1b158de0c3372: SHA b'b173ac05993f634a42be3d3535e1b158de0c3372' could not be resolved, git returned: b'b173ac05993f634a42be3d3535e1b158de0c3372 missing'
Error in commit 1400a9aaf611299b9a56aa2abeb158918b9743c8: SHA b'1400a9aaf611299b9a56aa2abeb158918b9743c8' could not be resolved, git returned: b'1400a9aaf611299b9a56aa2abeb158918b9743c8 missing'
Error in commit 82056a89be61085d22df24fde490be32e1fb6e40: SHA b'82056a89be61085d22df24fde490be32e1fb6e40' could not be resolved, git returned: b'82056a89be61085d22df24fde490be32e1fb6e40 missing'
Error in commit 6f111e1961b8db5e148b5894f36fbe4020962a8c: SHA b'6f111e1961b8db5e148b5894f36fbe4020962a8c' could not be resolved, git returned: b'6f111e1961b8db5e148b5894f36fbe4020962a8c missing'
Error in commit b4063bf756272254b160b6d1bd6e9a3f8e16cc71: SHA b'b4063bf756272254b160b6d1bd6e9a3f8e16cc71' could not be resolved, git returned: b'b4063bf756272254b160b6d1bd6e9a3f8e16cc71 missing'
Error in commit 78cc408369bdbbd440196c93574098d1482efbce: SHA b'78cc408369bdbbd440196c93574098d1482efbce' could not be resolved, git returned: b'78cc408369bdbbd440196c93574098d1482efbce missing'
Error in commit a224d33f0fecbe8dc3801fe5e9f25388c72770fc: SHA b'a224d33f0fecbe8dc3801fe5e9f25388c72770fc' could not be resolved, git returned: b'a224d33f0fecbe8dc3801fe5e9f25388c72770fc missing'
Error in commit ff1f8a623e090dee8a8aadf12a6a4b25efac143d: SHA b'ff1f8a623e090dee8a8aadf12a6a4b25efac143d' could not be resolved, git returned: b'ff1f8a623e090dee8a8aadf12a6a4b25efac143d missing'
Error in commit 079e794b1cb14b5c9e70966ebaa657e32c144881: SHA b'079e794b1cb14b5c9e70966ebaa657e32c144881' could not be resolved, git returned: b'079e794b1cb14b5c9e70966ebaa657e32c144881 missing'
Error in commit 22c1bd191f0acbf11f0c0fbea1845d9bf9dcd47e: SHA b'22c1bd191f0acbf11f0c0fbea1845d9bf9dcd47e' could not be resolved, git returned: b'22c1bd191f0acbf11f0c0fbea1845d9bf9dcd47e missing'
Error in commit d624f2c550e862fd016eba9cdff7187d2c4757dc: SHA b'd624f2c550e862fd016eba9cdff7187d2c4757dc' could not be resolved, git returned: b'd624f2c550e862fd016eba9cdff7187d2c4757dc missing'
Error in commit c18263e0e0769faee96a5d0ee04b750c442783c6: SHA b'c18263e0e0769faee96a5d0ee04b750c442783c6' could not be resolved, git returned: b'c18263e0e0769faee96a5d0ee04b750c442783c6 missing'
Error in commit 1951e7282043dfe1268d492aea056b554baedb75: SHA b'1951e7282043dfe1268d492aea056b554baedb75' could not be resolved, git returned: b'1951e7282043dfe1268d492aea056b554baedb75 missing'
Error in commit b76b657c4423e23fd881c5cfbd31b8058daf00a3: SHA b'b76b657c4423e23fd881c5cfbd31b8058daf00a3' could not be resolved, git returned: b'b76b657c4423e23fd881c5cfbd31b8058daf00a3 missing'
Error in commit 349227005827e8a67a0406b823138b5068cc47dc: SHA b'349227005827e8a67a0406b823138b5068cc47dc' could not be resolved, git returned: b'349227005827e8a67a0406b823138b5068cc47dc missing'
Error in commit ad787a920ccb9dacf5b01d52bce36ac14a5ecd89: SHA b'ad787a920ccb9dacf5b01d52bce36ac14a5ecd89' could not be resolved, git returned: b'ad787a920ccb9dacf5b01d52bce36ac14a5ecd89 missing'
Error in commit 424be345639d75c6cb7d0bd2da5f0f407dbd0bd5: SHA b'424be345639d75c6cb7d0bd2da5f0f407dbd0bd5' could not be resolved, git returned: b'424be345639d75c6cb7d0bd2da5f0f407dbd0bd5 missing'
Error in commit ceefcf883923da7f37ec6515b2ecfc545c75e53f: SHA b'ceefcf883923da7f37ec6515b2ecfc545c75e53f' could not be resolved, git returned: b'ceefcf883923da7f37ec6515b2ecfc545c75e53f missing'
Error in commit b65574bef233474e915fdf18614aa211e31cc6c2: SHA b'b65574bef233474e915fdf18614aa211e31cc6c2' could not be resolved, git returned: b'b65574bef233474e915fdf18614aa211e31cc6c2 missing'
Error in commit 1aea203eb36409ce6903b9e41fe7cb70030e8750: SHA b'1aea203eb36409ce6903b9e41fe7cb70030e8750' could not be resolved, git returned: b'1aea203eb36409ce6903b9e41fe7cb70030e8750 missing'
Error in commit 7e3a6e158f965c908dfe1e69f8463a6bab7298f7: SHA b'7e3a6e158f965c908dfe1e69f8463a6bab7298f7' could not be resolved, git returned: b'7e3a6e158f965c908dfe1e69f8463a6bab7298f7 missing'
Error in commit 0670e43c30135044e25cca7f80e1833e2c128653: SHA b'0670e43c30135044e25cca7f80e1833e2c128653' could not be resolved, git returned: b'0670e43c30135044e25cca7f80e1833e2c128653 missing'
Error in commit 7ba1409a1aee5925180de546057ddd84ff267947: SHA b'7ba1409a1aee5925180de546057ddd84ff267947' could not be resolved, git returned: b'7ba1409a1aee5925180de546057ddd84ff267947 missing'
Error in commit 000030feb7a30f193197f1aab8a7b04a26b42735: SHA b'000030feb7a30f193197f1aab8a7b04a26b42735' could not be resolved, git returned: b'000030feb7a30f193197f1aab8a7b04a26b42735 missing'
Error in commit 85a370c79afeb45a97842b0959366af5236e9023: SHA b'85a370c79afeb45a97842b0959366af5236e9023' could not be resolved, git returned: b'85a370c79afeb45a97842b0959366af5236e9023 missing'
Error in commit 2ecab6bb5ac4f3b88f270218445496662020205f: SHA b'2ecab6bb5ac4f3b88f270218445496662020205f' could not be resolved, git returned: b'2ecab6bb5ac4f3b88f270218445496662020205f missing'
Error in commit ab8626990ffb2b438ef41c2e05b4b3365f60d25a: SHA b'ab8626990ffb2b438ef41c2e05b4b3365f60d25a' could not be resolved, git returned: b'ab8626990ffb2b438ef41c2e05b4b3365f60d25a missing'
Error in commit ed38a83db9c70b42b590350c819765318630af04: SHA b'ed38a83db9c70b42b590350c819765318630af04' could not be resolved, git returned: b'ed38a83db9c70b42b590350c819765318630af04 missing'
Error in commit bbe68db10ab8a80c29db383e4dfe14f6eafaf993: SHA b'bbe68db10ab8a80c29db383e4dfe14f6eafaf993' could not be resolved, git returned: b'bbe68db10ab8a80c29db383e4dfe14f6eafaf993 missing'
Error in commit 1a29ed2f96da1be22fa5a4d96c7583aa81b8b060: SHA b'1a29ed2f96da1be22fa5a4d96c7583aa81b8b060' could not be resolved, git returned: b'1a29ed2f96da1be22fa5a4d96c7583aa81b8b060 missing'
Error in commit b36ef0b412165500f8a14d2f1e29c676a72402af: SHA b'b36ef0b412165500f8a14d2f1e29c676a72402af' could not be resolved, git returned: b'b36ef0b412165500f8a14d2f1e29c676a72402af missing'
Error in commit faddd99f2b9408b524e5eb8a01589fe1fa282df2: SHA b'faddd99f2b9408b524e5eb8a01589fe1fa282df2' could not be resolved, git returned: b'faddd99f2b9408b524e5eb8a01589fe1fa282df2 missing'
Error in commit 0f5dc4da3982053036be65190e44bf28a67b1ca2: SHA b'0f5dc4da3982053036be65190e44bf28a67b1ca2' could not be resolved, git returned: b'0f5dc4da3982053036be65190e44bf28a67b1ca2 missing'
Error in commit 614508aaf441d08de64d68bf3464ecfbd9b603c9: SHA b'614508aaf441d08de64d68bf3464ecfbd9b603c9' could not be resolved, git returned: b'614508aaf441d08de64d68bf3464ecfbd9b603c9 missing'
Error in commit 5c8b534f6e97db7ac0e0e579331213aa25c173ab: SHA b'5c8b534f6e97db7ac0e0e579331213aa25c173ab' could not be resolved, git returned: b'5c8b534f6e97db7ac0e0e579331213aa25c173ab missing'
Error in commit 2cdd1e1e5ae90d7c3a4b60ce2e36e4d609e44e72: SHA b'2cdd1e1e5ae90d7c3a4b60ce2e36e4d609e44e72' could not be resolved, git returned: b'2cdd1e1e5ae90d7c3a4b60ce2e36e4d609e44e72 missing'
Error in commit 4f01669c7c41c9184f3cce9a3cf1b2ebf6201742: SHA b'4f01669c7c41c9184f3cce9a3cf1b2ebf6201742' could not be resolved, git returned: b'4f01669c7c41c9184f3cce9a3cf1b2ebf6201742 missing'
Error in commit e0ef9bd22810c6969a7f222eec04798f19a7e2d6: SHA b'e0ef9bd22810c6969a7f222eec04798f19a7e2d6' could not be resolved, git returned: b'e0ef9bd22810c6969a7f222eec04798f19a7e2d6 missing'
Error in commit bc5173d5d4faf6829074b0f1e1b242c12b7777a3: SHA b'bc5173d5d4faf6829074b0f1e1b242c12b7777a3' could not be resolved, git returned: b'bc5173d5d4faf6829074b0f1e1b242c12b7777a3 missing'
Error in commit ee8a7b7dc8dd42ac14eba99660ad84e700ce13fb: SHA b'ee8a7b7dc8dd42ac14eba99660ad84e700ce13fb' could not be resolved, git returned: b'ee8a7b7dc8dd42ac14eba99660ad84e700ce13fb missing'
Error in commit 69ac1bafbdf7d454a3c4033951458f2f05afae23: SHA b'69ac1bafbdf7d454a3c4033951458f2f05afae23' could not be resolved, git returned: b'69ac1bafbdf7d454a3c4033951458f2f05afae23 missing'
Error in commit abf3e40902abe9a3b32aba0d1691b209b4d32e66: SHA b'abf3e40902abe9a3b32aba0d1691b209b4d32e66' could not be resolved, git returned: b'abf3e40902abe9a3b32aba0d1691b209b4d32e66 missing'
Error in commit b8402ed0733e3f244588b61ad5fedd093e3cf9cc: SHA b'b8402ed0733e3f244588b61ad5fedd093e3cf9cc' could not be resolved, git returned: b'b8402ed0733e3f244588b61ad5fedd093e3cf9cc missing'
Error in commit 88cf60a3ed4a2b40d71a1c2ced72fa3902a30967: SHA b'88cf60a3ed4a2b40d71a1c2ced72fa3902a30967' could not be resolved, git returned: b'88cf60a3ed4a2b40d71a1c2ced72fa3902a30967 missing'
Error in commit c08ebc6eeb4d68609d2b7ba3e7eb97e66a24da00: SHA b'c08ebc6eeb4d68609d2b7ba3e7eb97e66a24da00' could not be resolved, git returned: b'c08ebc6eeb4d68609d2b7ba3e7eb97e66a24da00 missing'
Error in commit 51714a24347dc57f9a208a4a8af84115ef407b83: SHA b'51714a24347dc57f9a208a4a8af84115ef407b83' could not be resolved, git returned: b'51714a24347dc57f9a208a4a8af84115ef407b83 missing'
Error in commit 863d37ea66d5c960db08d6f4a2cbd2518f0f80d1: SHA b'863d37ea66d5c960db08d6f4a2cbd2518f0f80d1' could not be resolved, git returned: b'863d37ea66d5c960db08d6f4a2cbd2518f0f80d1 missing'
Error in commit e30c693b37c3b41723f1469d1226a2c814ca443d: SHA b'e30c693b37c3b41723f1469d1226a2c814ca443d' could not be resolved, git returned: b'e30c693b37c3b41723f1469d1226a2c814ca443d missing'
Error in commit a1ca0268254374b515fa5992f01340f7717113fa: SHA b'a1ca0268254374b515fa5992f01340f7717113fa' could not be resolved, git returned: b'a1ca0268254374b515fa5992f01340f7717113fa missing'
Error in commit 50bf8d4d3064930d28ecf1ce3397b14574d514d2: SHA b'50bf8d4d3064930d28ecf1ce3397b14574d514d2' could not be resolved, git returned: b'50bf8d4d3064930d28ecf1ce3397b14574d514d2 missing'
Error in commit 71aaeaf020340412b8d012fe23a556c0420eda5f: SHA b'71aaeaf020340412b8d012fe23a556c0420eda5f' could not be resolved, git returned: b'71aaeaf020340412b8d012fe23a556c0420eda5f missing'
Error in commit 239c4f7d1f47265526b39ad70106767d00805277: SHA b'239c4f7d1f47265526b39ad70106767d00805277' could not be resolved, git returned: b'239c4f7d1f47265526b39ad70106767d00805277 missing'
Error in commit 69a69d9fc28e7ff0dd8ec7772fcce7b49d5899c3: SHA b'69a69d9fc28e7ff0dd8ec7772fcce7b49d5899c3' could not be resolved, git returned: b'69a69d9fc28e7ff0dd8ec7772fcce7b49d5899c3 missing'
Error in commit e6ea5876e0228165ee3abc6e959aa174cee06680: SHA b'e6ea5876e0228165ee3abc6e959aa174cee06680' could not be resolved, git returned: b'e6ea5876e0228165ee3abc6e959aa174cee06680 missing'
Error in commit 1f860f52bd8d58737ad883072203391096b30b51: SHA b'1f860f52bd8d58737ad883072203391096b30b51' could not be resolved, git returned: b'1f860f52bd8d58737ad883072203391096b30b51 missing'
Error in commit 535a786f124b739e3c857529cecc29e4eeb79778: SHA b'535a786f124b739e3c857529cecc29e4eeb79778' could not be resolved, git returned: b'535a786f124b739e3c857529cecc29e4eeb79778 missing'
Error in commit 97b223f8891b96d6fc054df5ab1d5a1a545da2a3: SHA b'97b223f8891b96d6fc054df5ab1d5a1a545da2a3' could not be resolved, git returned: b'97b223f8891b96d6fc054df5ab1d5a1a545da2a3 missing'
Error in commit a15050650abf09c10a3c135fab148220cd41d3a0: SHA b'a15050650abf09c10a3c135fab148220cd41d3a0' could not be resolved, git returned: b'a15050650abf09c10a3c135fab148220cd41d3a0 missing'

Completed! Saved 13003 commits to data/intermediate/churn_icvul.csv
Job finished: Wed Jun 10 19:10:32 CEST 2026
