Job started: Thu Jun 11 11:54:09 CEST 2026
Node: g219
CPUs allocated: 32
Recompiling diffstat on compute node...
rm -f *.o core *~ *.out *.err *.BAK *.atac
rm -f diffstat
rm -f diffstat.html
rm -f diffstat.pdf
rm -f diffstat.ps
rm -f diffstat.txt
checking build system type... x86_64-pc-linux-gnu
checking host system type... x86_64-pc-linux-gnu
Configuring for linux-gnu
checking for gcc... gcc
checking for C compiler default output... a.out
checking whether the C compiler works... yes
checking whether we are cross compiling... no
checking for executable suffix... 
checking for object suffix... o
checking whether we are using the GNU C compiler... yes
checking whether gcc accepts -g... yes
checking version of gcc... 8.5.0
checking if this is really Intel C compiler... no
checking if this is really Clang C compiler... no
checking for gcc option to accept ANSI C... none needed
checking $CFLAGS variable... ok
checking $CC variable... ok
checking for a BSD compatible install... /usr/bin/install -c
checking for lint... no
checking for cppcheck... no
checking for splint... no
checking if filesystem supports mixed-case filenames... yes
checking for exctags... no
checking for ctags... no
checking for exetags... no
checking for etags... etags
checking for ctags... no
checking for etags... yes
checking if you want to see long compiling messages... yes
checking target system type... x86_64-pc-linux-gnu
(cached) Configuring for linux-gnu
checking for install-prefix... no
checking for PATH separator... :
checking for bzcat... /fibus/fs2/02/cgk3480/.conda/envs/churn-env/bin/bzcat
checking for bzip2... /fibus/fs2/02/cgk3480/.conda/envs/churn-env/bin/bzip2
checking for compress... no
checking for compress... no
checking for gzip... /usr/bin/gzip
checking for gzip... /usr/bin/gzip
checking for lzcat... /fibus/fs2/02/cgk3480/.conda/envs/churn-env/bin/lzcat
checking for pcat... no
checking for pcat... no
checking for uncompress.real... no
checking for uncompress.real... no
checking for uncompress... no
checking for xz... /fibus/fs2/02/cgk3480/.conda/envs/churn-env/bin/xz
checking for zcat... /usr/bin/zcat
checking for zstd... no
checking for zstd... no
checking if the POSIX test-macros are already defined... no
checking if this is the GNU C library... yes
checking if _DEFAULT_SOURCE can be used as a basis... yes
checking if _XOPEN_SOURCE=500 works with _DEFAULT_SOURCE... yes
checking if _XOPEN_SOURCE really is set... yes
checking for ggrep... no
checking for grep... grep
checking for fgrep... grep -F
checking if you want to use C11 _Noreturn feature... no
checking if you want to check for gcc warnings... no
checking for an ANSI C-conforming const... yes
checking for egrep... grep -E
checking how to run the C preprocessor... gcc -E
checking for ANSI C header files... yes
checking for sys/types.h... yes
checking for sys/stat.h... yes
checking for stdlib.h... yes
checking for string.h... yes
checking for memory.h... yes
checking for strings.h... yes
checking for inttypes.h... yes
checking for stdint.h... yes
checking for unistd.h... yes
checking whether exit is declared... yes
checking for ioctl.h... no
checking for search.h... yes
checking for sys/ioctl.h... yes
checking for size_t... yes
checking for setlocale()... yes
checking for mkdtemp... yes
checking for opendir... yes
checking for strdup... yes
checking for tsearch... yes
checking for lstat... yes 
checking for getopt.h... yes
checking for header declaring getopt variables... unistd.h
checking for getopt... yes
checking for popen... yes
checking for conflicting prototype for popen... yes
checking for mbsrtowcs and wcwidth... yes
checking for getc_unlocked... yes
checking if we should define _REENTRANT... no
checking for nonconflicting termios.h... yes
checking for groff... /usr/bin/groff
checking for nroff... /usr/bin/nroff
checking for tbl... /usr/bin/tbl
checking for man2html... /usr/bin/man2html
checking for the modified Earl Hood script... no
checking for program to convert manpage to html... /usr/bin/groff
checking if you want to use dmalloc for testing... no
checking if you want to use dbmalloc for testing... no
checking if you want to use valgrind for testing... no
checking if you want to perform memory-leak testing... no
configure: creating ./config.status
config.status: creating makefile
config.status: creating config.h
config.status: config.h is unchanged
gcc -c -I. -I. -DHAVE_CONFIG_H -D_DEFAULT_SOURCE -D_XOPEN_SOURCE=500 -g -O2  diffstat.c
gcc  -o diffstat diffstat.o  
mkdir -p /fibus/fs2/02/cgk3480/.conda/envs/churn-env/bin /fibus/fs2/02/cgk3480/.conda/envs/churn-env/share/man/man1
/usr/bin/install -c diffstat /fibus/fs2/02/cgk3480/.conda/envs/churn-env/bin/diffstat
/usr/bin/install -c -m 644 ./diffstat.1 /fibus/fs2/02/cgk3480/.conda/envs/churn-env/share/man/man1/diffstat.1
diffstat: /fibus/fs2/02/cgk3480/.conda/envs/churn-env/bin/diffstat
diffstat version: diffstat version 1.68
Using 32 pre-existing worker repos
Spawning 32 workers across 100 commits (~4 each)...
Worker linux_worker_0: 0/4 (0.0%)
Worker linux_worker_1: 0/4 (0.0%)
Worker linux_worker_2: 0/4 (0.0%)
Worker linux_worker_3: 0/4 (0.0%)
Worker linux_worker_4: 0/3 (0.0%)
Worker linux_worker_5: 0/3 (0.0%)
Worker linux_worker_6: 0/3 (0.0%)
Worker linux_worker_7: 0/3 (0.0%)
Worker linux_worker_8: 0/3 (0.0%)
Worker linux_worker_9: 0/3 (0.0%)
Worker linux_worker_10: 0/3 (0.0%)
Worker linux_worker_11: 0/3 (0.0%)
Worker linux_worker_12: 0/3 (0.0%)
Worker linux_worker_13: 0/3 (0.0%)
Worker linux_worker_14: 0/3 (0.0%)
Worker linux_worker_15: 0/3 (0.0%)
Worker linux_worker_16: 0/3 (0.0%)
Worker linux_worker_17: 0/3 (0.0%)
Worker linux_worker_18: 0/3 (0.0%)
Worker linux_worker_19: 0/3 (0.0%)
Worker linux_worker_20: 0/3 (0.0%)
Worker linux_worker_21: 0/3 (0.0%)
Worker linux_worker_22: 0/3 (0.0%)
Worker linux_worker_23: 0/3 (0.0%)
Worker linux_worker_24: 0/3 (0.0%)
Worker linux_worker_25: 0/3 (0.0%)
Worker linux_worker_26: 0/3 (0.0%)
Worker linux_worker_27: 0/3 (0.0%)
Worker linux_worker_28: 0/3 (0.0%)
Worker linux_worker_29: 0/3 (0.0%)
Worker linux_worker_30: 0/3 (0.0%)
Worker linux_worker_31: 0/3 (0.0%)
Commit 0edefddbae396e50eb7887d279d0c4bb4d7a6384: 1 modified files
  -> add=0, rem=1, mod=0
Commit 45939ce292b4b11159719faaf60aba7d58d5fe33: 1 modified files
  -> add=2, rem=0, mod=0
Commit 74a56f2a4a9ec72ef1daceeb2dda8b41370c1419: 1 modified files
Commit 148d31e38fb37ba442f9b554325114b9e80cf336: 1 modified files
Commit 72569b7be461ad563c8118c50f26692e53a189bc: 7 modified files
  -> add=0, rem=1, mod=0
Commit e28adc3bf34e434b30e8d063df4823ba0f3e0529: 1 modified files
  -> add=0, rem=0, mod=4
  -> add=2, rem=0, mod=0
  -> add=7, rem=0, mod=1
  -> add=0, rem=0, mod=4
  -> add=0, rem=0, mod=12
  -> add=0, rem=0, mod=10
  -> add=0, rem=0, mod=1
  -> add=0, rem=0, mod=9
  -> add=0, rem=0, mod=9
Commit fd8d2702791a970c751f8b526a17d8e725a05b46: 1 modified files
  -> add=1, rem=0, mod=2
Commit ff42df49e75f053a8a6b4c2533100cdcc23afe69: 1 modified files
  -> add=7, rem=0, mod=1
Commit 36126f5309b5054c2a57f7c603a6f8da1f4800d4: 1 modified files
  -> add=0, rem=4, mod=1
Commit 0ec13aff058a82426c8d44b688c804cc4a5a0a3d: 1 modified files
  -> add=30, rem=0, mod=8
Commit 6178aed011a31b7d242b80ed3e83fcc9b67444e1: 1 modified files
  -> add=0, rem=3, mod=3
Commit a39caac02f2f5819d39f37d7987babe19fcafe21: 1 modified files
Commit 2908249f3878a591f7918368fdf0b7b0a6c3158c: 2 modified files
  -> add=0, rem=0, mod=1
  -> add=0, rem=0, mod=1
Commit f5c7e8425f18fdb9bdb7d13340651d7876890329: 1 modified files
  -> add=16, rem=7, mod=3
Commit abc21649b3e5c34b143bf86f0c78e33d5815e250: 1 modified files
  -> add=0, rem=2, mod=0
Commit 8219efd08a0aa1d7944bdb66d84ba57549258968: 1 modified files
Commit a2948b17f6b936fc52f86c0f92c46d2f91928b79: 1 modified files
  -> add=0, rem=0, mod=1
  -> add=5, rem=0, mod=2
Commit 7ab72c597356be1e7f0f3d856e54ce78527f43c8: 1 modified files
  -> add=1, rem=0, mod=1
Commit db1fc97ca0c0d3fdeeadf314d99a26188438940a: 2 modified files
Commit ca71de6ba7c18a3a1576e04f7ed8d8508ceba4c9: 1 modified files
  -> add=1, rem=0, mod=2
  -> add=1, rem=1, mod=0
  -> add=1, rem=0, mod=1
Commit 2f47d58043110b0aeac1952494db668fc0fc7c0a: 4 modified files
  -> add=603, rem=218, mod=412
Commit 8d73b2aeb8088517b0895f209b68237ea1bc1c02: 1 modified files
  -> add=0, rem=14, mod=13
  -> add=0, rem=26, mod=9
  -> add=75, rem=19, mod=10
  -> add=6, rem=0, mod=1
Commit 05c773f52b96ef3fbc7d9bfa21caadc6247ef7a8: 5 modified files
  -> add=4, rem=0, mod=1
  -> add=16, rem=2, mod=4
  -> add=158, rem=0, mod=2
  -> add=3, rem=8, mod=2
  -> add=9, rem=0, mod=0
Commit 7313f5a93d2017f789909a7a727a6cab48ea6d20: 1 modified files
Commit 65de51f93ebf9305ec011da59c0b5fe29429d1b9: 5 modified files
  -> add=0, rem=0, mod=1
  -> add=3, rem=0, mod=2
  -> add=2, rem=0, mod=2
  -> add=2, rem=0, mod=1
  -> add=14, rem=0, mod=5
  -> add=8, rem=0, mod=1
Commit 537a50574175a2b68b0612ffb48cb044a394c7b4: 6 modified files
  -> add=1042, rem=0, mod=0
  -> add=96, rem=0, mod=0
  -> add=12, rem=0, mod=0
  -> add=7, rem=0, mod=0
  -> add=106, rem=0, mod=0
Commit 3c1c0f5dc80bbde5baef2403cc6a0d33c9824d2d: 1 modified files
  -> add=4, rem=7, mod=1
Commit 99ba2b5aba24e022683a7db63204f9e306fe7ab9: 2 modified files
  -> add=15, rem=0, mod=0
  -> add=2, rem=0, mod=1
Commit ed56c5193ad89d1097cdbdc87abeb062e03a06eb: 3 modified files
  -> add=0, rem=1, mod=0
  -> add=3, rem=3, mod=2
Commit 5927268f5a04c3b25683e52a0017aa5a9e8eee70: 1 modified files
  -> add=3, rem=0, mod=0
  -> add=10, rem=0, mod=1
Commit 58a317f1061c894d2344c0b6a18ab4a64b69b815: 13 modified files
  -> add=2, rem=0, mod=0
  -> add=5, rem=0, mod=0
  -> add=1, rem=0, mod=0
  -> add=1, rem=0, mod=0
Commit 398391071f2576bbc6351bcb92c78fc432190ac3: 6 modified files
  -> add=22, rem=4, mod=26
  -> add=1, rem=0, mod=0
  -> add=1, rem=2, mod=1
  -> add=321, rem=0, mod=0
  -> add=33, rem=0, mod=2
  -> add=27, rem=12, mod=16
  -> add=287, rem=0, mod=0
  -> add=0, rem=2, mod=0
Commit 4c3eb3ca13966508bcb64f39dcdef48be22f1731: 8 modified files
  -> add=0, rem=0, mod=1
  -> add=90, rem=0, mod=0
  -> add=10, rem=0, mod=0
  -> add=0, rem=43, mod=3
  -> add=2, rem=0, mod=0
  -> add=75, rem=0, mod=12
  -> add=3, rem=0, mod=0
  -> add=49, rem=0, mod=15
  -> add=10, rem=0, mod=0
  -> add=1, rem=0, mod=0
  -> add=19, rem=0, mod=0
  -> add=1, rem=0, mod=0
  -> add=0, rem=0, mod=1
Commit 16d83a540ca4e7f1ebb2b3756869b77451d31414: 1 modified files
  -> add=0, rem=0, mod=1
Commit 6e37ec8825a113bc2dd1b280be10e5ac6eb4f6b1: 1 modified files
  -> add=2, rem=2, mod=1
Commit 8e695328a1006b7bab2d972e7d0111fa6e6faf51: 1 modified files
  -> add=7, rem=0, mod=2
Commit 240a8af929c7c57dcde28682725b29cf8474e8e5: 1 modified files
Commit a61f3b4f476eceb25274161e5a53a8d18e42610b: 3 modified files
  -> add=1591, rem=0, mod=0
  -> add=47, rem=0, mod=0
Commit efaed9be998b5ae0afb7458e057e5f4402b43fa0: 7 modified files
Commit 8ca4013d702dae4913fbb625aabf4c2966cdf1f0: 1 modified files
  -> add=0, rem=0, mod=1
  -> add=23, rem=0, mod=0
  -> add=1, rem=0, mod=3
  -> add=21, rem=2, mod=1
  -> add=0, rem=33, mod=0
  -> add=1, rem=0, mod=1
  -> add=0, rem=1, mod=0
  -> add=1, rem=0, mod=0
Commit da49a8075c00b4d98ef069a0ee201177a8b79ead: 1 modified files
  -> add=57, rem=0, mod=9
Commit 96cb8e3313c7a12e026c1ed510522ae6f6023875: 2 modified files
Commit 17614978ed34b8933e2b9272e2fe5133fdc38a58: 4 modified files
  -> add=399, rem=0, mod=0
  -> add=542, rem=0, mod=0
  -> add=253, rem=0, mod=0
Commit d4cd158176c385a885b6f6e62dd268963233fab1: 4 modified files
Commit 03fc7f9c99c1e7ae2925d459e8487f1a6f199f79: 5 modified files
  -> add=4, rem=0, mod=0
  -> add=7, rem=0, mod=1
  -> add=23, rem=7, mod=14
  -> add=2, rem=0, mod=1
  -> add=0, rem=3, mod=0
Commit 322b598be4d9b9090cda560c4caab78704615ab4: 3 modified files
  -> add=157, rem=0, mod=0
  -> add=16, rem=0, mod=0
Commit 337c6c9a69af73dd367daeddee44cbbc2408cf9f: 1 modified files
  -> add=13, rem=0, mod=0
Commit 93f958f9c41f0bfd10627a2279457df64004d957: 4 modified files
Commit 4a4748f28b0b2547de745ed929e929a9b45563f1: 1 modified files
  -> add=1, rem=14, mod=12
  -> add=29, rem=0, mod=0
  -> add=1, rem=14, mod=5
Commit 193523bf937309d57c6dd7839bcf34d7a029dbee: 3 modified files
  -> add=5, rem=0, mod=0
  -> add=0, rem=17, mod=1
  -> add=3, rem=0, mod=8
  -> add=1, rem=0, mod=0
  -> add=1, rem=0, mod=0
Commit a9c3a015c12f5c83773411bf06c6daf3d60ed61d: 1 modified files
  -> add=2, rem=0, mod=2
Commit 69a00fb3d6970681c15a23595ec54233ce10295c: 1 modified files
  -> add=23, rem=0, mod=0
Commit 7f7aa94bcaf03d0f18a6853d8f7dad6a4d25bbd6: 1 modified files
  -> add=92, rem=0, mod=0
Commit e4ea77f8e53f9accb9371fba34c189d0447ecce0: 1 modified files
  -> add=68, rem=23, mod=40
