Job started: Thu Jun 11 10:02:45 CEST 2026
Node: g217
CPUs allocated: 32
Recompiling diffstat on compute node...
rm -f *.o core *~ *.out *.err *.BAK *.atac
rm -f diffstat
rm -f diffstat.html
rm -f diffstat.pdf
rm -f diffstat.ps
rm -f diffstat.txt
checking build system type... x86_64-pc-linux-gnu
checking host system type... x86_64-pc-linux-gnu
Configuring for linux-gnu
checking for gcc... gcc
checking for C compiler default output... a.out
checking whether the C compiler works... yes
checking whether we are cross compiling... no
checking for executable suffix... 
checking for object suffix... o
checking whether we are using the GNU C compiler... yes
checking whether gcc accepts -g... yes
checking version of gcc... 8.5.0
checking if this is really Intel C compiler... no
checking if this is really Clang C compiler... no
checking for gcc option to accept ANSI C... none needed
checking $CFLAGS variable... ok
checking $CC variable... ok
checking for a BSD compatible install... /usr/bin/install -c
checking for lint... no
checking for cppcheck... no
checking for splint... no
checking if filesystem supports mixed-case filenames... yes
checking for exctags... no
checking for ctags... no
checking for exetags... no
checking for etags... etags
checking for ctags... no
checking for etags... yes
checking if you want to see long compiling messages... yes
checking target system type... x86_64-pc-linux-gnu
(cached) Configuring for linux-gnu
checking for install-prefix... no
checking for PATH separator... :
checking for bzcat... /fibus/fs2/02/cgk3480/.conda/envs/churn-env/bin/bzcat
checking for bzip2... /fibus/fs2/02/cgk3480/.conda/envs/churn-env/bin/bzip2
checking for compress... no
checking for compress... no
checking for gzip... /usr/bin/gzip
checking for gzip... /usr/bin/gzip
checking for lzcat... /fibus/fs2/02/cgk3480/.conda/envs/churn-env/bin/lzcat
checking for pcat... no
checking for pcat... no
checking for uncompress.real... no
checking for uncompress.real... no
checking for uncompress... no
checking for xz... /fibus/fs2/02/cgk3480/.conda/envs/churn-env/bin/xz
checking for zcat... /usr/bin/zcat
checking for zstd... no
checking for zstd... no
checking if the POSIX test-macros are already defined... no
checking if this is the GNU C library... yes
checking if _DEFAULT_SOURCE can be used as a basis... yes
checking if _XOPEN_SOURCE=500 works with _DEFAULT_SOURCE... yes
checking if _XOPEN_SOURCE really is set... yes
checking for ggrep... no
checking for grep... grep
checking for fgrep... grep -F
checking if you want to use C11 _Noreturn feature... no
checking if you want to check for gcc warnings... no
checking for an ANSI C-conforming const... yes
checking for egrep... grep -E
checking how to run the C preprocessor... gcc -E
checking for ANSI C header files... yes
checking for sys/types.h... yes
checking for sys/stat.h... yes
checking for stdlib.h... yes
checking for string.h... yes
checking for memory.h... yes
checking for strings.h... yes
checking for inttypes.h... yes
checking for stdint.h... yes
checking for unistd.h... yes
checking whether exit is declared... yes
checking for ioctl.h... no
checking for search.h... yes
checking for sys/ioctl.h... yes
checking for size_t... yes
checking for setlocale()... yes
checking for mkdtemp... yes
checking for opendir... yes
checking for strdup... yes
checking for tsearch... yes
checking for lstat... yes 
checking for getopt.h... yes
checking for header declaring getopt variables... unistd.h
checking for getopt... yes
checking for popen... yes
checking for conflicting prototype for popen... yes
checking for mbsrtowcs and wcwidth... yes
checking for getc_unlocked... yes
checking if we should define _REENTRANT... no
checking for nonconflicting termios.h... yes
checking for groff... /usr/bin/groff
checking for nroff... /usr/bin/nroff
checking for tbl... /usr/bin/tbl
checking for man2html... /usr/bin/man2html
checking for the modified Earl Hood script... no
checking for program to convert manpage to html... /usr/bin/groff
checking if you want to use dmalloc for testing... no
checking if you want to use dbmalloc for testing... no
checking if you want to use valgrind for testing... no
checking if you want to perform memory-leak testing... no
configure: creating ./config.status
config.status: creating makefile
config.status: creating config.h
config.status: config.h is unchanged
gcc -c -I. -I. -DHAVE_CONFIG_H -D_DEFAULT_SOURCE -D_XOPEN_SOURCE=500 -g -O2  diffstat.c
gcc  -o diffstat diffstat.o  
mkdir -p /fibus/fs2/02/cgk3480/.conda/envs/churn-env/bin /fibus/fs2/02/cgk3480/.conda/envs/churn-env/share/man/man1
/usr/bin/install -c diffstat /fibus/fs2/02/cgk3480/.conda/envs/churn-env/bin/diffstat
/usr/bin/install -c -m 644 ./diffstat.1 /fibus/fs2/02/cgk3480/.conda/envs/churn-env/share/man/man1/diffstat.1
diffstat: /fibus/fs2/02/cgk3480/.conda/envs/churn-env/bin/diffstat
diffstat version: diffstat version 1.68
